Archive member included because of file (symbol)

/usr/lib/gcc/avr/4.3.5/avr35/libgcc.a(_mulhi3.o)
                              ../LUFA-110528/LUFA/Drivers/USB/Class/Common/HIDParser.o (__mulhi3)
/usr/lib/gcc/avr/4.3.5/avr35/libgcc.a(_exit.o)
                              /usr/lib/gcc/avr/4.3.5/../../../avr/lib/avr35/crtm32u2.o (exit)
/usr/lib/gcc/avr/4.3.5/avr35/libgcc.a(_copy_data.o)
                              Joystick.o (__do_copy_data)
/usr/lib/gcc/avr/4.3.5/avr35/libgcc.a(_clear_bss.o)
                              Joystick.o (__do_clear_bss)
/usr/lib/gcc/avr/4.3.5/../../../avr/lib/avr35/libc.a(memcpy_P.o)
                              ../LUFA-110528/LUFA/Drivers/USB/Class/Device/RNDIS.o (memcpy_P)
/usr/lib/gcc/avr/4.3.5/../../../avr/lib/avr35/libc.a(memcmp.o)
                              ../LUFA-110528/LUFA/Drivers/USB/Class/Device/HID.o (memcmp)
/usr/lib/gcc/avr/4.3.5/../../../avr/lib/avr35/libc.a(memcpy.o)
                              ../LUFA-110528/LUFA/Drivers/USB/Class/Device/HID.o (memcpy)
/usr/lib/gcc/avr/4.3.5/../../../avr/lib/avr35/libc.a(memset.o)
                              ../LUFA-110528/LUFA/Drivers/USB/Class/Device/HID.o (memset)
/usr/lib/gcc/avr/4.3.5/../../../avr/lib/avr35/libc.a(eerd_byte_atmega32u2.o)
                              ../LUFA-110528/LUFA/Drivers/USB/Core/EndpointStream.o (__eerd_byte_m32u2)
/usr/lib/gcc/avr/4.3.5/../../../avr/lib/avr35/libc.a(eeupd_byte_atmega32u2.o)
                              ../LUFA-110528/LUFA/Drivers/USB/Core/EndpointStream.o (__eeupd_byte_m32u2)

Allocating common symbols
Common symbol       size              file

USB_IsInitialized   0x1               ../LUFA-110528/LUFA/Drivers/USB/Core/USBTask.o
USB_CurrentlySelfPowered
                    0x1               ../LUFA-110528/LUFA/Drivers/USB/Core/DeviceStandardReq.o
USB_RemoteWakeupEnabled
                    0x1               ../LUFA-110528/LUFA/Drivers/USB/Core/DeviceStandardReq.o
USB_DeviceState     0x1               ../LUFA-110528/LUFA/Drivers/USB/Core/USBTask.o
USB_ControlRequest  0x8               ../LUFA-110528/LUFA/Drivers/USB/Core/USBTask.o
USB_ConfigurationNumber
                    0x1               ../LUFA-110528/LUFA/Drivers/USB/Core/DeviceStandardReq.o

Discarded input sections

 .data          0x0000000000000000        0x0 /usr/lib/gcc/avr/4.3.5/../../../avr/lib/avr35/crtm32u2.o
 .bss           0x0000000000000000        0x0 /usr/lib/gcc/avr/4.3.5/../../../avr/lib/avr35/crtm32u2.o
 .text          0x0000000000000000        0x0 Joystick.o
 .text          0x0000000000000000        0x0 Descriptors.o
 .data          0x0000000000000000        0x0 Descriptors.o
 .bss           0x0000000000000000        0x0 Descriptors.o
 .text          0x0000000000000000        0x0 ../LUFA-110528/LUFA/Drivers/USB/Core/AVR8/Device_AVR8.o
 .data          0x0000000000000000        0x0 ../LUFA-110528/LUFA/Drivers/USB/Core/AVR8/Device_AVR8.o
 .bss           0x0000000000000000        0x0 ../LUFA-110528/LUFA/Drivers/USB/Core/AVR8/Device_AVR8.o
 .text.USB_Device_SendRemoteWakeup
                0x0000000000000000       0x2e ../LUFA-110528/LUFA/Drivers/USB/Core/AVR8/Device_AVR8.o
 .text          0x0000000000000000        0x0 ../LUFA-110528/LUFA/Drivers/USB/Core/AVR8/Endpoint_AVR8.o
 .data          0x0000000000000000        0x0 ../LUFA-110528/LUFA/Drivers/USB/Core/AVR8/Endpoint_AVR8.o
 .bss           0x0000000000000000        0x0 ../LUFA-110528/LUFA/Drivers/USB/Core/AVR8/Endpoint_AVR8.o
 .text.Endpoint_ClearEndpoints
                0x0000000000000000       0x28 ../LUFA-110528/LUFA/Drivers/USB/Core/AVR8/Endpoint_AVR8.o
 .text          0x0000000000000000        0x0 ../LUFA-110528/LUFA/Drivers/USB/Core/AVR8/Host_AVR8.o
 .data          0x0000000000000000        0x0 ../LUFA-110528/LUFA/Drivers/USB/Core/AVR8/Host_AVR8.o
 .bss           0x0000000000000000        0x0 ../LUFA-110528/LUFA/Drivers/USB/Core/AVR8/Host_AVR8.o
 .text          0x0000000000000000        0x0 ../LUFA-110528/LUFA/Drivers/USB/Core/AVR8/Pipe_AVR8.o
 .data          0x0000000000000000        0x0 ../LUFA-110528/LUFA/Drivers/USB/Core/AVR8/Pipe_AVR8.o
 .bss           0x0000000000000000        0x0 ../LUFA-110528/LUFA/Drivers/USB/Core/AVR8/Pipe_AVR8.o
 .text          0x0000000000000000        0x0 ../LUFA-110528/LUFA/Drivers/USB/Core/AVR8/USBController_AVR8.o
 .data          0x0000000000000000        0x0 ../LUFA-110528/LUFA/Drivers/USB/Core/AVR8/USBController_AVR8.o
 .bss           0x0000000000000000        0x0 ../LUFA-110528/LUFA/Drivers/USB/Core/AVR8/USBController_AVR8.o
 .text.USB_Disable
                0x0000000000000000       0x2e ../LUFA-110528/LUFA/Drivers/USB/Core/AVR8/USBController_AVR8.o
 .text          0x0000000000000000        0x0 ../LUFA-110528/LUFA/Drivers/USB/Core/AVR8/USBInterrupt_AVR8.o
 .data          0x0000000000000000        0x0 ../LUFA-110528/LUFA/Drivers/USB/Core/AVR8/USBInterrupt_AVR8.o
 .bss           0x0000000000000000        0x0 ../LUFA-110528/LUFA/Drivers/USB/Core/AVR8/USBInterrupt_AVR8.o
 .text          0x0000000000000000        0x0 ../LUFA-110528/LUFA/Drivers/USB/Core/ConfigDescriptor.o
 .data          0x0000000000000000        0x0 ../LUFA-110528/LUFA/Drivers/USB/Core/ConfigDescriptor.o
 .bss           0x0000000000000000        0x0 ../LUFA-110528/LUFA/Drivers/USB/Core/ConfigDescriptor.o
 .text.USB_GetNextDescriptorOfType
                0x0000000000000000       0x4e ../LUFA-110528/LUFA/Drivers/USB/Core/ConfigDescriptor.o
 .text.USB_GetNextDescriptorOfTypeBefore
                0x0000000000000000       0x58 ../LUFA-110528/LUFA/Drivers/USB/Core/ConfigDescriptor.o
 .text.USB_GetNextDescriptorOfTypeAfter
                0x0000000000000000       0x34 ../LUFA-110528/LUFA/Drivers/USB/Core/ConfigDescriptor.o
 .text.USB_GetNextDescriptorComp
                0x0000000000000000       0x88 ../LUFA-110528/LUFA/Drivers/USB/Core/ConfigDescriptor.o
 .text          0x0000000000000000        0x0 ../LUFA-110528/LUFA/Drivers/USB/Core/DeviceStandardReq.o
 .data          0x0000000000000000        0x0 ../LUFA-110528/LUFA/Drivers/USB/Core/DeviceStandardReq.o
 .bss           0x0000000000000000        0x0 ../LUFA-110528/LUFA/Drivers/USB/Core/DeviceStandardReq.o
 .text          0x0000000000000000        0x0 ../LUFA-110528/LUFA/Drivers/USB/Core/Events.o
 .data          0x0000000000000000        0x0 ../LUFA-110528/LUFA/Drivers/USB/Core/Events.o
 .bss           0x0000000000000000        0x0 ../LUFA-110528/LUFA/Drivers/USB/Core/Events.o
 .text          0x0000000000000000        0x0 ../LUFA-110528/LUFA/Drivers/USB/Core/EndpointStream.o
 .data          0x0000000000000000        0x0 ../LUFA-110528/LUFA/Drivers/USB/Core/EndpointStream.o
 .bss           0x0000000000000000        0x0 ../LUFA-110528/LUFA/Drivers/USB/Core/EndpointStream.o
 .text.Endpoint_Write_Control_Stream_BE
                0x0000000000000000       0xc8 ../LUFA-110528/LUFA/Drivers/USB/Core/EndpointStream.o
 .text.Endpoint_Read_Control_Stream_BE
                0x0000000000000000       0x8e ../LUFA-110528/LUFA/Drivers/USB/Core/EndpointStream.o
 .text.Endpoint_Write_Control_PStream_BE
                0x0000000000000000       0xc8 ../LUFA-110528/LUFA/Drivers/USB/Core/EndpointStream.o
 .text.Endpoint_Read_Control_EStream_BE
                0x0000000000000000       0xa2 ../LUFA-110528/LUFA/Drivers/USB/Core/EndpointStream.o
 .text.Endpoint_Read_Control_EStream_LE
                0x0000000000000000       0x94 ../LUFA-110528/LUFA/Drivers/USB/Core/EndpointStream.o
 .text.Endpoint_Write_Control_EStream_BE
                0x0000000000000000       0xe8 ../LUFA-110528/LUFA/Drivers/USB/Core/EndpointStream.o
 .text.Endpoint_Write_Control_EStream_LE
                0x0000000000000000       0xde ../LUFA-110528/LUFA/Drivers/USB/Core/EndpointStream.o
 .text.Endpoint_Null_Stream
                0x0000000000000000       0x88 ../LUFA-110528/LUFA/Drivers/USB/Core/EndpointStream.o
 .text.Endpoint_Discard_Stream
                0x0000000000000000       0x88 ../LUFA-110528/LUFA/Drivers/USB/Core/EndpointStream.o
 .text.Endpoint_Read_EStream_BE
                0x0000000000000000       0xac ../LUFA-110528/LUFA/Drivers/USB/Core/EndpointStream.o
 .text.Endpoint_Read_EStream_LE
                0x0000000000000000       0xb0 ../LUFA-110528/LUFA/Drivers/USB/Core/EndpointStream.o
 .text.Endpoint_Write_EStream_BE
                0x0000000000000000       0xac ../LUFA-110528/LUFA/Drivers/USB/Core/EndpointStream.o
 .text.Endpoint_Write_EStream_LE
                0x0000000000000000       0xb0 ../LUFA-110528/LUFA/Drivers/USB/Core/EndpointStream.o
 .text.Endpoint_Write_PStream_BE
                0x0000000000000000       0xaa ../LUFA-110528/LUFA/Drivers/USB/Core/EndpointStream.o
 .text.Endpoint_Write_PStream_LE
                0x0000000000000000       0xae ../LUFA-110528/LUFA/Drivers/USB/Core/EndpointStream.o
 .text.Endpoint_Read_Stream_BE
                0x0000000000000000       0xaa ../LUFA-110528/LUFA/Drivers/USB/Core/EndpointStream.o
 .text.Endpoint_Read_Stream_LE
                0x0000000000000000       0xaa ../LUFA-110528/LUFA/Drivers/USB/Core/EndpointStream.o
 .text.Endpoint_Write_Stream_BE
                0x0000000000000000       0xaa ../LUFA-110528/LUFA/Drivers/USB/Core/EndpointStream.o
 .text          0x0000000000000000        0x0 ../LUFA-110528/LUFA/Drivers/USB/Core/HostStandardReq.o
 .data          0x0000000000000000        0x0 ../LUFA-110528/LUFA/Drivers/USB/Core/HostStandardReq.o
 .bss           0x0000000000000000        0x0 ../LUFA-110528/LUFA/Drivers/USB/Core/HostStandardReq.o
 .text          0x0000000000000000        0x0 ../LUFA-110528/LUFA/Drivers/USB/Core/PipeStream.o
 .data          0x0000000000000000        0x0 ../LUFA-110528/LUFA/Drivers/USB/Core/PipeStream.o
 .bss           0x0000000000000000        0x0 ../LUFA-110528/LUFA/Drivers/USB/Core/PipeStream.o
 .text          0x0000000000000000        0x0 ../LUFA-110528/LUFA/Drivers/USB/Core/USBTask.o
 .data          0x0000000000000000        0x0 ../LUFA-110528/LUFA/Drivers/USB/Core/USBTask.o
 .bss           0x0000000000000000        0x0 ../LUFA-110528/LUFA/Drivers/USB/Core/USBTask.o
 .text          0x0000000000000000        0x0 ../LUFA-110528/LUFA/Drivers/USB/Class/Common/HIDParser.o
 .data          0x0000000000000000        0x0 ../LUFA-110528/LUFA/Drivers/USB/Class/Common/HIDParser.o
 .bss           0x0000000000000000        0x0 ../LUFA-110528/LUFA/Drivers/USB/Class/Common/HIDParser.o
 .text.USB_GetHIDReportItemInfo
                0x0000000000000000       0xc4 ../LUFA-110528/LUFA/Drivers/USB/Class/Common/HIDParser.o
 .text.USB_SetHIDReportItemInfo
                0x0000000000000000       0xd0 ../LUFA-110528/LUFA/Drivers/USB/Class/Common/HIDParser.o
 .text.USB_GetHIDReportSize
                0x0000000000000000       0x56 ../LUFA-110528/LUFA/Drivers/USB/Class/Common/HIDParser.o
 .text.USB_ProcessHIDReport
                0x0000000000000000      0x804 ../LUFA-110528/LUFA/Drivers/USB/Class/Common/HIDParser.o
 .text          0x0000000000000000        0x0 ../LUFA-110528/LUFA/Drivers/USB/Class/Device/Audio.o
 .data          0x0000000000000000        0x0 ../LUFA-110528/LUFA/Drivers/USB/Class/Device/Audio.o
 .bss           0x0000000000000000        0x0 ../LUFA-110528/LUFA/Drivers/USB/Class/Device/Audio.o
 .text.Audio_Device_ConfigureEndpoints
                0x0000000000000000       0x5c ../LUFA-110528/LUFA/Drivers/USB/Class/Device/Audio.o
 .text.Audio_Device_ProcessControlRequest
                0x0000000000000000       0x50 ../LUFA-110528/LUFA/Drivers/USB/Class/Device/Audio.o
 .text          0x0000000000000000        0x0 ../LUFA-110528/LUFA/Drivers/USB/Class/Device/CDC.o
 .data          0x0000000000000000        0x8 ../LUFA-110528/LUFA/Drivers/USB/Class/Device/CDC.o
 .bss           0x0000000000000000        0x0 ../LUFA-110528/LUFA/Drivers/USB/Class/Device/CDC.o
 .text.CDC_Device_BytesReceived
                0x0000000000000000       0x4e ../LUFA-110528/LUFA/Drivers/USB/Class/Device/CDC.o
 .text.CDC_Device_ReceiveByte
                0x0000000000000000       0x5a ../LUFA-110528/LUFA/Drivers/USB/Class/Device/CDC.o
 .text.CDC_Device_CreateStream
                0x0000000000000000       0x26 ../LUFA-110528/LUFA/Drivers/USB/Class/Device/CDC.o
 .text.CDC_Device_CreateBlockingStream
                0x0000000000000000       0x26 ../LUFA-110528/LUFA/Drivers/USB/Class/Device/CDC.o
 .text.CDC_Device_getchar
                0x0000000000000000       0x18 ../LUFA-110528/LUFA/Drivers/USB/Class/Device/CDC.o
 .text.CDC_Device_Event_Stub
                0x0000000000000000        0x2 ../LUFA-110528/LUFA/Drivers/USB/Class/Device/CDC.o
 .text.CDC_Device_SendControlLineStateChange
                0x0000000000000000       0x8c ../LUFA-110528/LUFA/Drivers/USB/Class/Device/CDC.o
 .text.CDC_Device_SendData
                0x0000000000000000       0x32 ../LUFA-110528/LUFA/Drivers/USB/Class/Device/CDC.o
 .text.CDC_Device_Flush
                0x0000000000000000       0x5a ../LUFA-110528/LUFA/Drivers/USB/Class/Device/CDC.o
 .text.CDC_Device_USBTask
                0x0000000000000000       0x22 ../LUFA-110528/LUFA/Drivers/USB/Class/Device/CDC.o
 .text.CDC_Device_getchar_Blocking
                0x0000000000000000       0x38 ../LUFA-110528/LUFA/Drivers/USB/Class/Device/CDC.o
 .text.CDC_Device_SendByte
                0x0000000000000000       0x4c ../LUFA-110528/LUFA/Drivers/USB/Class/Device/CDC.o
 .text.CDC_Device_putchar
                0x0000000000000000       0x20 ../LUFA-110528/LUFA/Drivers/USB/Class/Device/CDC.o
 .text.CDC_Device_SendString
                0x0000000000000000       0x40 ../LUFA-110528/LUFA/Drivers/USB/Class/Device/CDC.o
 .text.CDC_Device_ConfigureEndpoints
                0x0000000000000000       0x94 ../LUFA-110528/LUFA/Drivers/USB/Class/Device/CDC.o
 .text.CDC_Device_ProcessControlRequest
                0x0000000000000000       0xe8 ../LUFA-110528/LUFA/Drivers/USB/Class/Device/CDC.o
 .text          0x0000000000000000        0x0 ../LUFA-110528/LUFA/Drivers/USB/Class/Device/HID.o
 .data          0x0000000000000000        0x0 ../LUFA-110528/LUFA/Drivers/USB/Class/Device/HID.o
 .bss           0x0000000000000000        0x0 ../LUFA-110528/LUFA/Drivers/USB/Class/Device/HID.o
 .text          0x0000000000000000        0x0 ../LUFA-110528/LUFA/Drivers/USB/Class/Device/MassStorage.o
 .data          0x0000000000000000        0x0 ../LUFA-110528/LUFA/Drivers/USB/Class/Device/MassStorage.o
 .bss           0x0000000000000000        0x0 ../LUFA-110528/LUFA/Drivers/USB/Class/Device/MassStorage.o
 .text.MS_Device_USBTask
                0x0000000000000000      0x254 ../LUFA-110528/LUFA/Drivers/USB/Class/Device/MassStorage.o
 .text.MS_Device_ConfigureEndpoints
                0x0000000000000000       0x78 ../LUFA-110528/LUFA/Drivers/USB/Class/Device/MassStorage.o
 .text.MS_Device_ProcessControlRequest
                0x0000000000000000       0x76 ../LUFA-110528/LUFA/Drivers/USB/Class/Device/MassStorage.o
 .text          0x0000000000000000        0x0 ../LUFA-110528/LUFA/Drivers/USB/Class/Device/MIDI.o
 .data          0x0000000000000000        0x0 ../LUFA-110528/LUFA/Drivers/USB/Class/Device/MIDI.o
 .bss           0x0000000000000000        0x0 ../LUFA-110528/LUFA/Drivers/USB/Class/Device/MIDI.o
 .text.MIDI_Device_ReceiveEventPacket
                0x0000000000000000       0x40 ../LUFA-110528/LUFA/Drivers/USB/Class/Device/MIDI.o
 .text.MIDI_Device_Flush
                0x0000000000000000       0x2c ../LUFA-110528/LUFA/Drivers/USB/Class/Device/MIDI.o
 .text.MIDI_Device_USBTask
                0x0000000000000000       0x12 ../LUFA-110528/LUFA/Drivers/USB/Class/Device/MIDI.o
 .text.MIDI_Device_SendEventPacket
                0x0000000000000000       0x3e ../LUFA-110528/LUFA/Drivers/USB/Class/Device/MIDI.o
 .text.MIDI_Device_ConfigureEndpoints
                0x0000000000000000       0x6a ../LUFA-110528/LUFA/Drivers/USB/Class/Device/MIDI.o
 .text          0x0000000000000000        0x0 ../LUFA-110528/LUFA/Drivers/USB/Class/Device/RNDIS.o
 .data          0x0000000000000000        0x8 ../LUFA-110528/LUFA/Drivers/USB/Class/Device/RNDIS.o
 .bss           0x0000000000000000        0x0 ../LUFA-110528/LUFA/Drivers/USB/Class/Device/RNDIS.o
 .text.RNDIS_Device_IsPacketReceived
                0x0000000000000000       0x34 ../LUFA-110528/LUFA/Drivers/USB/Class/Device/RNDIS.o
 .text.RNDIS_Device_SendPacket
                0x0000000000000000       0xe8 ../LUFA-110528/LUFA/Drivers/USB/Class/Device/RNDIS.o
 .text.RNDIS_Device_USBTask
                0x0000000000000000       0x8c ../LUFA-110528/LUFA/Drivers/USB/Class/Device/RNDIS.o
 .text.RNDIS_Device_ReadPacket
                0x0000000000000000       0xc0 ../LUFA-110528/LUFA/Drivers/USB/Class/Device/RNDIS.o
 .text.RNDIS_Device_ConfigureEndpoints
                0x0000000000000000       0x94 ../LUFA-110528/LUFA/Drivers/USB/Class/Device/RNDIS.o
 .text.RNDIS_Device_ProcessControlRequest
                0x0000000000000000      0x59e ../LUFA-110528/LUFA/Drivers/USB/Class/Device/RNDIS.o
 .progmem.data  0x0000000000000000       0x6c ../LUFA-110528/LUFA/Drivers/USB/Class/Device/RNDIS.o
 .text          0x0000000000000000        0x0 ../LUFA-110528/LUFA/Drivers/USB/Class/Host/CDC.o
 .data          0x0000000000000000        0x0 ../LUFA-110528/LUFA/Drivers/USB/Class/Host/CDC.o
 .bss           0x0000000000000000        0x0 ../LUFA-110528/LUFA/Drivers/USB/Class/Host/CDC.o
 .text          0x0000000000000000        0x0 ../LUFA-110528/LUFA/Drivers/USB/Class/Host/HID.o
 .data          0x0000000000000000        0x0 ../LUFA-110528/LUFA/Drivers/USB/Class/Host/HID.o
 .bss           0x0000000000000000        0x0 ../LUFA-110528/LUFA/Drivers/USB/Class/Host/HID.o
 .text          0x0000000000000000        0x0 ../LUFA-110528/LUFA/Drivers/USB/Class/Host/MassStorage.o
 .data          0x0000000000000000        0x0 ../LUFA-110528/LUFA/Drivers/USB/Class/Host/MassStorage.o
 .bss           0x0000000000000000        0x0 ../LUFA-110528/LUFA/Drivers/USB/Class/Host/MassStorage.o
 .text          0x0000000000000000        0x0 ../LUFA-110528/LUFA/Drivers/USB/Class/Host/MIDI.o
 .data          0x0000000000000000        0x0 ../LUFA-110528/LUFA/Drivers/USB/Class/Host/MIDI.o
 .bss           0x0000000000000000        0x0 ../LUFA-110528/LUFA/Drivers/USB/Class/Host/MIDI.o
 .text          0x0000000000000000        0x0 ../LUFA-110528/LUFA/Drivers/USB/Class/Host/Printer.o
 .data          0x0000000000000000        0x0 ../LUFA-110528/LUFA/Drivers/USB/Class/Host/Printer.o
 .bss           0x0000000000000000        0x0 ../LUFA-110528/LUFA/Drivers/USB/Class/Host/Printer.o
 .text          0x0000000000000000        0x0 ../LUFA-110528/LUFA/Drivers/USB/Class/Host/RNDIS.o
 .data          0x0000000000000000        0x0 ../LUFA-110528/LUFA/Drivers/USB/Class/Host/RNDIS.o
 .bss           0x0000000000000000        0x0 ../LUFA-110528/LUFA/Drivers/USB/Class/Host/RNDIS.o
 .text          0x0000000000000000        0x0 ../LUFA-110528/LUFA/Drivers/USB/Class/Host/StillImage.o
 .data          0x0000000000000000        0x0 ../LUFA-110528/LUFA/Drivers/USB/Class/Host/StillImage.o
 .bss           0x0000000000000000        0x0 ../LUFA-110528/LUFA/Drivers/USB/Class/Host/StillImage.o
 .text          0x0000000000000000        0x0 /usr/lib/gcc/avr/4.3.5/avr35/libgcc.a(_mulhi3.o)
 .data          0x0000000000000000        0x0 /usr/lib/gcc/avr/4.3.5/avr35/libgcc.a(_mulhi3.o)
 .bss           0x0000000000000000        0x0 /usr/lib/gcc/avr/4.3.5/avr35/libgcc.a(_mulhi3.o)
 .text.libgcc   0x0000000000000000       0x24 /usr/lib/gcc/avr/4.3.5/avr35/libgcc.a(_mulhi3.o)
 .text          0x0000000000000000        0x0 /usr/lib/gcc/avr/4.3.5/avr35/libgcc.a(_exit.o)
 .data          0x0000000000000000        0x0 /usr/lib/gcc/avr/4.3.5/avr35/libgcc.a(_exit.o)
 .bss           0x0000000000000000        0x0 /usr/lib/gcc/avr/4.3.5/avr35/libgcc.a(_exit.o)
 .text.libgcc   0x0000000000000000        0x0 /usr/lib/gcc/avr/4.3.5/avr35/libgcc.a(_exit.o)
 .text          0x0000000000000000        0x0 /usr/lib/gcc/avr/4.3.5/avr35/libgcc.a(_copy_data.o)
 .data          0x0000000000000000        0x0 /usr/lib/gcc/avr/4.3.5/avr35/libgcc.a(_copy_data.o)
 .bss           0x0000000000000000        0x0 /usr/lib/gcc/avr/4.3.5/avr35/libgcc.a(_copy_data.o)
 .text.libgcc   0x0000000000000000        0x0 /usr/lib/gcc/avr/4.3.5/avr35/libgcc.a(_copy_data.o)
 .text          0x0000000000000000        0x0 /usr/lib/gcc/avr/4.3.5/avr35/libgcc.a(_clear_bss.o)
 .data          0x0000000000000000        0x0 /usr/lib/gcc/avr/4.3.5/avr35/libgcc.a(_clear_bss.o)
 .bss           0x0000000000000000        0x0 /usr/lib/gcc/avr/4.3.5/avr35/libgcc.a(_clear_bss.o)
 .text.libgcc   0x0000000000000000        0x0 /usr/lib/gcc/avr/4.3.5/avr35/libgcc.a(_clear_bss.o)
 .text          0x0000000000000000        0x0 /usr/lib/gcc/avr/4.3.5/../../../avr/lib/avr35/libc.a(memcpy_P.o)
 .data          0x0000000000000000        0x0 /usr/lib/gcc/avr/4.3.5/../../../avr/lib/avr35/libc.a(memcpy_P.o)
 .bss           0x0000000000000000        0x0 /usr/lib/gcc/avr/4.3.5/../../../avr/lib/avr35/libc.a(memcpy_P.o)
 .text.avr-libc
                0x0000000000000000       0x12 /usr/lib/gcc/avr/4.3.5/../../../avr/lib/avr35/libc.a(memcpy_P.o)
 .text          0x0000000000000000        0x0 /usr/lib/gcc/avr/4.3.5/../../../avr/lib/avr35/libc.a(memcmp.o)
 .data          0x0000000000000000        0x0 /usr/lib/gcc/avr/4.3.5/../../../avr/lib/avr35/libc.a(memcmp.o)
 .bss           0x0000000000000000        0x0 /usr/lib/gcc/avr/4.3.5/../../../avr/lib/avr35/libc.a(memcmp.o)
 .text          0x0000000000000000        0x0 /usr/lib/gcc/avr/4.3.5/../../../avr/lib/avr35/libc.a(memcpy.o)
 .data          0x0000000000000000        0x0 /usr/lib/gcc/avr/4.3.5/../../../avr/lib/avr35/libc.a(memcpy.o)
 .bss           0x0000000000000000        0x0 /usr/lib/gcc/avr/4.3.5/../../../avr/lib/avr35/libc.a(memcpy.o)
 .text          0x0000000000000000        0x0 /usr/lib/gcc/avr/4.3.5/../../../avr/lib/avr35/libc.a(memset.o)
 .data          0x0000000000000000        0x0 /usr/lib/gcc/avr/4.3.5/../../../avr/lib/avr35/libc.a(memset.o)
 .bss           0x0000000000000000        0x0 /usr/lib/gcc/avr/4.3.5/../../../avr/lib/avr35/libc.a(memset.o)
 .text          0x0000000000000000        0x0 /usr/lib/gcc/avr/4.3.5/../../../avr/lib/avr35/libc.a(eerd_byte_atmega32u2.o)
 .data          0x0000000000000000        0x0 /usr/lib/gcc/avr/4.3.5/../../../avr/lib/avr35/libc.a(eerd_byte_atmega32u2.o)
 .bss           0x0000000000000000        0x0 /usr/lib/gcc/avr/4.3.5/../../../avr/lib/avr35/libc.a(eerd_byte_atmega32u2.o)
 .text.avr-libc
                0x0000000000000000       0x10 /usr/lib/gcc/avr/4.3.5/../../../avr/lib/avr35/libc.a(eerd_byte_atmega32u2.o)
 .text          0x0000000000000000        0x0 /usr/lib/gcc/avr/4.3.5/../../../avr/lib/avr35/libc.a(eeupd_byte_atmega32u2.o)
 .data          0x0000000000000000        0x0 /usr/lib/gcc/avr/4.3.5/../../../avr/lib/avr35/libc.a(eeupd_byte_atmega32u2.o)
 .bss           0x0000000000000000        0x0 /usr/lib/gcc/avr/4.3.5/../../../avr/lib/avr35/libc.a(eeupd_byte_atmega32u2.o)
 .text.avr-libc
                0x0000000000000000       0x24 /usr/lib/gcc/avr/4.3.5/../../../avr/lib/avr35/libc.a(eeupd_byte_atmega32u2.o)

Memory Configuration

Name             Origin             Length             Attributes
text             0x0000000000000000 0x0000000000020000 xr
data             0x0000000000800060 0x000000000000ffa0 rw !x
eeprom           0x0000000000810000 0x0000000000010000 rw !x
fuse             0x0000000000820000 0x0000000000000400 rw !x
lock             0x0000000000830000 0x0000000000000400 rw !x
signature        0x0000000000840000 0x0000000000000400 rw !x
*default*        0x0000000000000000 0xffffffffffffffff

Linker script and memory map

Address of section .data set to 0x800100
LOAD /usr/lib/gcc/avr/4.3.5/../../../avr/lib/avr35/crtm32u2.o
LOAD Joystick.o
LOAD Descriptors.o
LOAD ../LUFA-110528/LUFA/Drivers/USB/Core/AVR8/Device_AVR8.o
LOAD ../LUFA-110528/LUFA/Drivers/USB/Core/AVR8/Endpoint_AVR8.o
LOAD ../LUFA-110528/LUFA/Drivers/USB/Core/AVR8/Host_AVR8.o
LOAD ../LUFA-110528/LUFA/Drivers/USB/Core/AVR8/Pipe_AVR8.o
LOAD ../LUFA-110528/LUFA/Drivers/USB/Core/AVR8/USBController_AVR8.o
LOAD ../LUFA-110528/LUFA/Drivers/USB/Core/AVR8/USBInterrupt_AVR8.o
LOAD ../LUFA-110528/LUFA/Drivers/USB/Core/ConfigDescriptor.o
LOAD ../LUFA-110528/LUFA/Drivers/USB/Core/DeviceStandardReq.o
LOAD ../LUFA-110528/LUFA/Drivers/USB/Core/Events.o
LOAD ../LUFA-110528/LUFA/Drivers/USB/Core/EndpointStream.o
LOAD ../LUFA-110528/LUFA/Drivers/USB/Core/HostStandardReq.o
LOAD ../LUFA-110528/LUFA/Drivers/USB/Core/PipeStream.o
LOAD ../LUFA-110528/LUFA/Drivers/USB/Core/USBTask.o
LOAD ../LUFA-110528/LUFA/Drivers/USB/Class/Common/HIDParser.o
LOAD ../LUFA-110528/LUFA/Drivers/USB/Class/Device/Audio.o
LOAD ../LUFA-110528/LUFA/Drivers/USB/Class/Device/CDC.o
LOAD ../LUFA-110528/LUFA/Drivers/USB/Class/Device/HID.o
LOAD ../LUFA-110528/LUFA/Drivers/USB/Class/Device/MassStorage.o
LOAD ../LUFA-110528/LUFA/Drivers/USB/Class/Device/MIDI.o
LOAD ../LUFA-110528/LUFA/Drivers/USB/Class/Device/RNDIS.o
LOAD ../LUFA-110528/LUFA/Drivers/USB/Class/Host/CDC.o
LOAD ../LUFA-110528/LUFA/Drivers/USB/Class/Host/HID.o
LOAD ../LUFA-110528/LUFA/Drivers/USB/Class/Host/MassStorage.o
LOAD ../LUFA-110528/LUFA/Drivers/USB/Class/Host/MIDI.o
LOAD ../LUFA-110528/LUFA/Drivers/USB/Class/Host/Printer.o
LOAD ../LUFA-110528/LUFA/Drivers/USB/Class/Host/RNDIS.o
LOAD ../LUFA-110528/LUFA/Drivers/USB/Class/Host/StillImage.o
LOAD /usr/lib/gcc/avr/4.3.5/../../../avr/lib/avr35/libm.a
LOAD /usr/lib/gcc/avr/4.3.5/avr35/libgcc.a
LOAD /usr/lib/gcc/avr/4.3.5/../../../avr/lib/avr35/libc.a
LOAD /usr/lib/gcc/avr/4.3.5/avr35/libgcc.a

.hash
 *(.hash)

.dynsym
 *(.dynsym)

.dynstr
 *(.dynstr)

.gnu.version
 *(.gnu.version)

.gnu.version_d
 *(.gnu.version_d)

.gnu.version_r
 *(.gnu.version_r)

.rel.init
 *(.rel.init)

.rela.init
 *(.rela.init)

.rel.text
 *(.rel.text)
 *(.rel.text.*)
 *(.rel.gnu.linkonce.t*)

.rela.text
 *(.rela.text)
 *(.rela.text.*)
 *(.rela.gnu.linkonce.t*)

.rel.fini
 *(.rel.fini)

.rela.fini
 *(.rela.fini)

.rel.rodata
 *(.rel.rodata)
 *(.rel.rodata.*)
 *(.rel.gnu.linkonce.r*)

.rela.rodata
 *(.rela.rodata)
 *(.rela.rodata.*)
 *(.rela.gnu.linkonce.r*)

.rel.data
 *(.rel.data)
 *(.rel.data.*)
 *(.rel.gnu.linkonce.d*)

.rela.data
 *(.rela.data)
 *(.rela.data.*)
 *(.rela.gnu.linkonce.d*)

.rel.ctors
 *(.rel.ctors)

.rela.ctors
 *(.rela.ctors)

.rel.dtors
 *(.rel.dtors)

.rela.dtors
 *(.rela.dtors)

.rel.got
 *(.rel.got)

.rela.got
 *(.rela.got)

.rel.bss
 *(.rel.bss)

.rela.bss
 *(.rela.bss)

.rel.plt
 *(.rel.plt)

.rela.plt
 *(.rela.plt)

.text           0x0000000000000000     0x1074
 *(.vectors)
 .vectors       0x0000000000000000       0x98 /usr/lib/gcc/avr/4.3.5/../../../avr/lib/avr35/crtm32u2.o
                0x0000000000000000                __vectors
                0x0000000000000000                __vector_default
 *(.vectors)
 *(.progmem.gcc*)
 *(.progmem*)
 .progmem.data  0x0000000000000098       0x7f Descriptors.o
                0x0000000000000098                JoystickReport
                0x00000000000000b5                DeviceDescriptor
                0x00000000000000c7                ConfigurationDescriptor
                0x00000000000000e9                LanguageString
                0x00000000000000ed                ManufacturerString
                0x0000000000000101                ProductString
                0x0000000000000118                . = ALIGN (0x2)
 *fill*         0x0000000000000117        0x1 00
                0x0000000000000118                __trampolines_start = .
 *(.trampolines)
 .trampolines   0x0000000000000118        0x0 linker stubs
 *(.trampolines*)
                0x0000000000000118                __trampolines_end = .
 *(.jumptables)
 *(.jumptables*)
 *(.lowtext)
 *(.lowtext*)
                0x0000000000000118                __ctors_start = .
 *(.ctors)
                0x0000000000000118                __ctors_end = .
                0x0000000000000118                __dtors_start = .
 *(.dtors)
                0x0000000000000118                __dtors_end = .
 SORT(*)(.ctors)
 SORT(*)(.dtors)
 *(.init0)
 .init0         0x0000000000000118        0x0 /usr/lib/gcc/avr/4.3.5/../../../avr/lib/avr35/crtm32u2.o
                0x0000000000000118                __init
 *(.init0)
 *(.init1)
 *(.init1)
 *(.init2)
 .init2         0x0000000000000118        0xc /usr/lib/gcc/avr/4.3.5/../../../avr/lib/avr35/crtm32u2.o
 *(.init2)
 *(.init3)
 *(.init3)
 *(.init4)
 .init4         0x0000000000000124       0x16 /usr/lib/gcc/avr/4.3.5/avr35/libgcc.a(_copy_data.o)
                0x0000000000000124                __do_copy_data
 .init4         0x000000000000013a       0x10 /usr/lib/gcc/avr/4.3.5/avr35/libgcc.a(_clear_bss.o)
                0x000000000000013a                __do_clear_bss
 *(.init4)
 *(.init5)
 *(.init5)
 *(.init6)
 *(.init6)
 *(.init7)
 *(.init7)
 *(.init8)
 *(.init8)
 *(.init9)
 .init9         0x000000000000014a        0x4 /usr/lib/gcc/avr/4.3.5/../../../avr/lib/avr35/crtm32u2.o
 *(.init9)
 *(.text)
 .text          0x000000000000014e        0x2 /usr/lib/gcc/avr/4.3.5/../../../avr/lib/avr35/crtm32u2.o
                0x000000000000014e                __vector_22
                0x000000000000014e                __vector_28
                0x000000000000014e                __vector_1
                0x000000000000014e                __vector_32
                0x000000000000014e                __vector_34
                0x000000000000014e                __vector_24
                0x000000000000014e                __vector_12
                0x000000000000014e                __bad_interrupt
                0x000000000000014e                __vector_6
                0x000000000000014e                __vector_31
                0x000000000000014e                __vector_35
                0x000000000000014e                __vector_3
                0x000000000000014e                __vector_23
                0x000000000000014e                __vector_30
                0x000000000000014e                __vector_25
                0x000000000000014e                __vector_13
                0x000000000000014e                __vector_17
                0x000000000000014e                __vector_7
                0x000000000000014e                __vector_27
                0x000000000000014e                __vector_5
                0x000000000000014e                __vector_33
                0x000000000000014e                __vector_37
                0x000000000000014e                __vector_4
                0x000000000000014e                __vector_9
                0x000000000000014e                __vector_2
                0x000000000000014e                __vector_21
                0x000000000000014e                __vector_15
                0x000000000000014e                __vector_36
                0x000000000000014e                __vector_29
                0x000000000000014e                __vector_8
                0x000000000000014e                __vector_26
                0x000000000000014e                __vector_14
                0x000000000000014e                __vector_10
                0x000000000000014e                __vector_16
                0x000000000000014e                __vector_18
                0x000000000000014e                __vector_20
                0x0000000000000150                . = ALIGN (0x2)
 *(.text.*)
 .text.__vector_19
                0x0000000000000150       0x72 Joystick.o
                0x0000000000000150                __vector_19
 .text.EVENT_USB_Device_Connect
                0x00000000000001c2        0x4 Joystick.o
                0x00000000000001c2                EVENT_USB_Device_Connect
 .text.EVENT_USB_Device_Disconnect
                0x00000000000001c6        0x4 Joystick.o
                0x00000000000001c6                EVENT_USB_Device_Disconnect
 .text.EVENT_USB_Device_StartOfFrame
                0x00000000000001ca       0x18 Joystick.o
                0x00000000000001ca                EVENT_USB_Device_StartOfFrame
 .text.CALLBACK_HID_Device_CreateHIDReport
                0x00000000000001e2       0x54 Joystick.o
                0x00000000000001e2                CALLBACK_HID_Device_CreateHIDReport
 .text.CALLBACK_HID_Device_ProcessHIDReport
                0x0000000000000236        0x2 Joystick.o
                0x0000000000000236                CALLBACK_HID_Device_ProcessHIDReport
 .text.EVENT_USB_Device_ControlRequest
                0x0000000000000238        0x6 Joystick.o
                0x0000000000000238                EVENT_USB_Device_ControlRequest
 .text.EVENT_USB_Device_ConfigurationChanged
                0x000000000000023e       0x26 Joystick.o
                0x000000000000023e                EVENT_USB_Device_ConfigurationChanged
 .text.SetupHardware
                0x0000000000000264       0x34 Joystick.o
                0x0000000000000264                SetupHardware
 .text.main     0x0000000000000298       0x10 Joystick.o
                0x0000000000000298                main
 .text.CALLBACK_USB_GetDescriptor
                0x00000000000002a8       0x80 Descriptors.o
                0x00000000000002a8                CALLBACK_USB_GetDescriptor
 .text.Endpoint_ConfigureEndpoint_Prv
                0x0000000000000328       0x6a ../LUFA-110528/LUFA/Drivers/USB/Core/AVR8/Endpoint_AVR8.o
                0x0000000000000328                Endpoint_ConfigureEndpoint_Prv
 .text.Endpoint_ClearStatusStage
                0x0000000000000392       0x42 ../LUFA-110528/LUFA/Drivers/USB/Core/AVR8/Endpoint_AVR8.o
                0x0000000000000392                Endpoint_ClearStatusStage
 .text.Endpoint_WaitUntilReady
                0x00000000000003d4       0x64 ../LUFA-110528/LUFA/Drivers/USB/Core/AVR8/Endpoint_AVR8.o
                0x00000000000003d4                Endpoint_WaitUntilReady
 .text.USB_ResetInterface
                0x0000000000000438       0x72 ../LUFA-110528/LUFA/Drivers/USB/Core/AVR8/USBController_AVR8.o
                0x0000000000000438                USB_ResetInterface
 .text.USB_Init
                0x00000000000004aa       0x12 ../LUFA-110528/LUFA/Drivers/USB/Core/AVR8/USBController_AVR8.o
                0x00000000000004aa                USB_Init
 .text.USB_INT_DisableAllInterrupts
                0x00000000000004bc        0x6 ../LUFA-110528/LUFA/Drivers/USB/Core/AVR8/USBInterrupt_AVR8.o
                0x00000000000004bc                USB_INT_DisableAllInterrupts
 .text.USB_INT_ClearAllInterrupts
                0x00000000000004c2        0x6 ../LUFA-110528/LUFA/Drivers/USB/Core/AVR8/USBInterrupt_AVR8.o
                0x00000000000004c2                USB_INT_ClearAllInterrupts
 .text.__vector_11
                0x00000000000004c8      0x146 ../LUFA-110528/LUFA/Drivers/USB/Core/AVR8/USBInterrupt_AVR8.o
                0x00000000000004c8                __vector_11
 .text.USB_Device_ProcessControlRequest
                0x000000000000060e      0x308 ../LUFA-110528/LUFA/Drivers/USB/Core/DeviceStandardReq.o
                0x000000000000060e                USB_Device_ProcessControlRequest
 .text.USB_Event_Stub
                0x0000000000000916        0x2 ../LUFA-110528/LUFA/Drivers/USB/Core/Events.o
                0x0000000000000916                EVENT_USB_Device_WakeUp
                0x0000000000000916                USB_Event_Stub
                0x0000000000000916                EVENT_USB_Device_Suspend
                0x0000000000000916                EVENT_USB_Device_Reset
 .text.Endpoint_Write_Control_Stream_LE
                0x0000000000000918       0xbc ../LUFA-110528/LUFA/Drivers/USB/Core/EndpointStream.o
                0x0000000000000918                Endpoint_Write_Control_Stream_LE
 .text.Endpoint_Read_Control_Stream_LE
                0x00000000000009d4       0x7e ../LUFA-110528/LUFA/Drivers/USB/Core/EndpointStream.o
                0x00000000000009d4                Endpoint_Read_Control_Stream_LE
 .text.Endpoint_Write_Control_PStream_LE
                0x0000000000000a52       0xc2 ../LUFA-110528/LUFA/Drivers/USB/Core/EndpointStream.o
                0x0000000000000a52                Endpoint_Write_Control_PStream_LE
 .text.Endpoint_Write_Stream_LE
                0x0000000000000b14       0xa4 ../LUFA-110528/LUFA/Drivers/USB/Core/EndpointStream.o
                0x0000000000000b14                Endpoint_Write_Stream_LE
 .text.USB_USBTask
                0x0000000000000bb8       0x26 ../LUFA-110528/LUFA/Drivers/USB/Core/USBTask.o
                0x0000000000000bb8                USB_USBTask
 .text.HID_Device_USBTask
                0x0000000000000bde      0x174 ../LUFA-110528/LUFA/Drivers/USB/Class/Device/HID.o
                0x0000000000000bde                HID_Device_USBTask
 .text.HID_Device_ConfigureEndpoints
                0x0000000000000d52       0x70 ../LUFA-110528/LUFA/Drivers/USB/Class/Device/HID.o
                0x0000000000000d52                HID_Device_ConfigureEndpoints
 .text.HID_Device_ProcessControlRequest
                0x0000000000000dc2      0x274 ../LUFA-110528/LUFA/Drivers/USB/Class/Device/HID.o
                0x0000000000000dc2                HID_Device_ProcessControlRequest
 .text.avr-libc
                0x0000000000001036       0x1a /usr/lib/gcc/avr/4.3.5/../../../avr/lib/avr35/libc.a(memcmp.o)
                0x0000000000001036                memcmp
 .text.avr-libc
                0x0000000000001050       0x12 /usr/lib/gcc/avr/4.3.5/../../../avr/lib/avr35/libc.a(memcpy.o)
                0x0000000000001050                memcpy
 .text.avr-libc
                0x0000000000001062        0xe /usr/lib/gcc/avr/4.3.5/../../../avr/lib/avr35/libc.a(memset.o)
                0x0000000000001062                memset
                0x0000000000001070                . = ALIGN (0x2)
 *(.fini9)
 .fini9         0x0000000000001070        0x0 /usr/lib/gcc/avr/4.3.5/avr35/libgcc.a(_exit.o)
                0x0000000000001070                exit
                0x0000000000001070                _exit
 *(.fini9)
 *(.fini8)
 *(.fini8)
 *(.fini7)
 *(.fini7)
 *(.fini6)
 *(.fini6)
 *(.fini5)
 *(.fini5)
 *(.fini4)
 *(.fini4)
 *(.fini3)
 *(.fini3)
 *(.fini2)
 *(.fini2)
 *(.fini1)
 *(.fini1)
 *(.fini0)
 .fini0         0x0000000000001070        0x4 /usr/lib/gcc/avr/4.3.5/avr35/libgcc.a(_exit.o)
 *(.fini0)
                0x0000000000001074                _etext = .

.data           0x0000000000800100        0xe load address 0x0000000000001074
                0x0000000000800100                PROVIDE (__data_start, .)
 *(.data)
 .data          0x0000000000800100        0xd Joystick.o
                0x0000000000800100                Joystick_HID_Interface
 *(.data*)
 *(.rodata)
 *(.rodata*)
 *(.gnu.linkonce.d*)
                0x000000000080010e                . = ALIGN (0x2)
 *fill*         0x000000000080010d        0x1 00
                0x000000000080010e                _edata = .
                0x000000000080010e                PROVIDE (__data_end, .)

.bss            0x000000000080010e       0x14
                0x000000000080010e                PROVIDE (__bss_start, .)
 *(.bss)
 .bss           0x000000000080010e        0x7 Joystick.o
                0x000000000080010e                boutons
 *(.bss*)
 *(COMMON)
 COMMON         0x0000000000800115        0x3 ../LUFA-110528/LUFA/Drivers/USB/Core/DeviceStandardReq.o
                0x0000000000800115                USB_CurrentlySelfPowered
                0x0000000000800116                USB_RemoteWakeupEnabled
                0x0000000000800117                USB_ConfigurationNumber
 COMMON         0x0000000000800118        0xa ../LUFA-110528/LUFA/Drivers/USB/Core/USBTask.o
                0x0000000000800118                USB_IsInitialized
                0x0000000000800119                USB_DeviceState
                0x000000000080011a                USB_ControlRequest
                0x0000000000800122                PROVIDE (__bss_end, .)
                0x0000000000001074                __data_load_start = LOADADDR (.data)
                0x0000000000001082                __data_load_end = (__data_load_start + SIZEOF (.data))

.noinit         0x0000000000800122        0x0
                0x0000000000800122                PROVIDE (__noinit_start, .)
 *(.noinit*)
                0x0000000000800122                PROVIDE (__noinit_end, .)
                0x0000000000800122                _end = .
                0x0000000000800122                PROVIDE (__heap_start, .)

.eeprom         0x0000000000810000        0x0
 *(.eeprom*)
                0x0000000000810000                __eeprom_end = .

.fuse
 *(.fuse)
 *(.lfuse)
 *(.hfuse)
 *(.efuse)

.lock
 *(.lock*)

.signature
 *(.signature*)

.stab           0x0000000000000000      0xa80
 *(.stab)
 .stab          0x0000000000000000      0x6b4 /usr/lib/gcc/avr/4.3.5/../../../avr/lib/avr35/crtm32u2.o
 .stab          0x00000000000006b4       0x84 /usr/lib/gcc/avr/4.3.5/../../../avr/lib/avr35/libc.a(memcpy_P.o)
                                         0x90 (size before relaxing)
 .stab          0x0000000000000738       0xb4 /usr/lib/gcc/avr/4.3.5/../../../avr/lib/avr35/libc.a(memcmp.o)
                                         0xc0 (size before relaxing)
 .stab          0x00000000000007ec       0x84 /usr/lib/gcc/avr/4.3.5/../../../avr/lib/avr35/libc.a(memcpy.o)
                                         0x90 (size before relaxing)
 .stab          0x0000000000000870       0x6c /usr/lib/gcc/avr/4.3.5/../../../avr/lib/avr35/libc.a(memset.o)
                                         0x78 (size before relaxing)
 .stab          0x00000000000008dc       0x90 /usr/lib/gcc/avr/4.3.5/../../../avr/lib/avr35/libc.a(eerd_byte_atmega32u2.o)
                                         0x9c (size before relaxing)
 .stab          0x000000000000096c      0x114 /usr/lib/gcc/avr/4.3.5/../../../avr/lib/avr35/libc.a(eeupd_byte_atmega32u2.o)
                                        0x120 (size before relaxing)

.stabstr        0x0000000000000000      0x16f
 *(.stabstr)
 .stabstr       0x0000000000000000      0x16f /usr/lib/gcc/avr/4.3.5/../../../avr/lib/avr35/crtm32u2.o

.stab.excl
 *(.stab.excl)

.stab.exclstr
 *(.stab.exclstr)

.stab.index
 *(.stab.index)

.stab.indexstr
 *(.stab.indexstr)

.comment
 *(.comment)

.debug
 *(.debug)

.line
 *(.line)

.debug_srcinfo
 *(.debug_srcinfo)

.debug_sfnames
 *(.debug_sfnames)

.debug_aranges  0x0000000000000000      0x480
 *(.debug_aranges)
 .debug_aranges
                0x0000000000000000       0x68 Joystick.o
 .debug_aranges
                0x0000000000000068       0x20 Descriptors.o
 .debug_aranges
                0x0000000000000088       0x20 ../LUFA-110528/LUFA/Drivers/USB/Core/AVR8/Device_AVR8.o
 .debug_aranges
                0x00000000000000a8       0x38 ../LUFA-110528/LUFA/Drivers/USB/Core/AVR8/Endpoint_AVR8.o
 .debug_aranges
                0x00000000000000e0       0x30 ../LUFA-110528/LUFA/Drivers/USB/Core/AVR8/USBController_AVR8.o
 .debug_aranges
                0x0000000000000110       0x30 ../LUFA-110528/LUFA/Drivers/USB/Core/AVR8/USBInterrupt_AVR8.o
 .debug_aranges
                0x0000000000000140       0x38 ../LUFA-110528/LUFA/Drivers/USB/Core/ConfigDescriptor.o
 .debug_aranges
                0x0000000000000178       0x20 ../LUFA-110528/LUFA/Drivers/USB/Core/DeviceStandardReq.o
 .debug_aranges
                0x0000000000000198       0x20 ../LUFA-110528/LUFA/Drivers/USB/Core/Events.o
 .debug_aranges
                0x00000000000001b8       0xc8 ../LUFA-110528/LUFA/Drivers/USB/Core/EndpointStream.o
 .debug_aranges
                0x0000000000000280       0x20 ../LUFA-110528/LUFA/Drivers/USB/Core/USBTask.o
 .debug_aranges
                0x00000000000002a0       0x38 ../LUFA-110528/LUFA/Drivers/USB/Class/Common/HIDParser.o
 .debug_aranges
                0x00000000000002d8       0x28 ../LUFA-110528/LUFA/Drivers/USB/Class/Device/Audio.o
 .debug_aranges
                0x0000000000000300       0x98 ../LUFA-110528/LUFA/Drivers/USB/Class/Device/CDC.o
 .debug_aranges
                0x0000000000000398       0x30 ../LUFA-110528/LUFA/Drivers/USB/Class/Device/HID.o
 .debug_aranges
                0x00000000000003c8       0x30 ../LUFA-110528/LUFA/Drivers/USB/Class/Device/MassStorage.o
 .debug_aranges
                0x00000000000003f8       0x40 ../LUFA-110528/LUFA/Drivers/USB/Class/Device/MIDI.o
 .debug_aranges
                0x0000000000000438       0x48 ../LUFA-110528/LUFA/Drivers/USB/Class/Device/RNDIS.o

.debug_pubnames
                0x0000000000000000      0xcbf
 *(.debug_pubnames)
 .debug_pubnames
                0x0000000000000000      0x162 Joystick.o
 .debug_pubnames
                0x0000000000000162       0xb1 Descriptors.o
 .debug_pubnames
                0x0000000000000213       0x32 ../LUFA-110528/LUFA/Drivers/USB/Core/AVR8/Device_AVR8.o
 .debug_pubnames
                0x0000000000000245       0x8b ../LUFA-110528/LUFA/Drivers/USB/Core/AVR8/Endpoint_AVR8.o
 .debug_pubnames
                0x00000000000002d0       0x46 ../LUFA-110528/LUFA/Drivers/USB/Core/AVR8/USBController_AVR8.o
 .debug_pubnames
                0x0000000000000316       0x62 ../LUFA-110528/LUFA/Drivers/USB/Core/AVR8/USBInterrupt_AVR8.o
 .debug_pubnames
                0x0000000000000378       0x9b ../LUFA-110528/LUFA/Drivers/USB/Core/ConfigDescriptor.o
 .debug_pubnames
                0x0000000000000413       0x8c ../LUFA-110528/LUFA/Drivers/USB/Core/DeviceStandardReq.o
 .debug_pubnames
                0x000000000000049f       0x25 ../LUFA-110528/LUFA/Drivers/USB/Core/Events.o
 .debug_pubnames
                0x00000000000004c4      0x2df ../LUFA-110528/LUFA/Drivers/USB/Core/EndpointStream.o
 .debug_pubnames
                0x00000000000007a3       0x63 ../LUFA-110528/LUFA/Drivers/USB/Core/USBTask.o
 .debug_pubnames
                0x0000000000000806       0x7e ../LUFA-110528/LUFA/Drivers/USB/Class/Common/HIDParser.o
 .debug_pubnames
                0x0000000000000884       0x5d ../LUFA-110528/LUFA/Drivers/USB/Class/Device/Audio.o
 .debug_pubnames
                0x00000000000008e1      0x18b ../LUFA-110528/LUFA/Drivers/USB/Class/Device/CDC.o
 .debug_pubnames
                0x0000000000000a6c       0x70 ../LUFA-110528/LUFA/Drivers/USB/Class/Device/HID.o
 .debug_pubnames
                0x0000000000000adc       0x6d ../LUFA-110528/LUFA/Drivers/USB/Class/Device/MassStorage.o
 .debug_pubnames
                0x0000000000000b49       0xa6 ../LUFA-110528/LUFA/Drivers/USB/Class/Device/MIDI.o
 .debug_pubnames
                0x0000000000000bef       0xd0 ../LUFA-110528/LUFA/Drivers/USB/Class/Device/RNDIS.o

.debug_info     0x0000000000000000     0x7ae4
 *(.debug_info)
 .debug_info    0x0000000000000000      0x52a Joystick.o
 .debug_info    0x000000000000052a      0x635 Descriptors.o
 .debug_info    0x0000000000000b5f       0xc4 ../LUFA-110528/LUFA/Drivers/USB/Core/AVR8/Device_AVR8.o
 .debug_info    0x0000000000000c23      0x44d ../LUFA-110528/LUFA/Drivers/USB/Core/AVR8/Endpoint_AVR8.o
 .debug_info    0x0000000000001070        0x0 ../LUFA-110528/LUFA/Drivers/USB/Core/AVR8/Host_AVR8.o
 .debug_info    0x0000000000001070        0x0 ../LUFA-110528/LUFA/Drivers/USB/Core/AVR8/Pipe_AVR8.o
 .debug_info    0x0000000000001070      0x45e ../LUFA-110528/LUFA/Drivers/USB/Core/AVR8/USBController_AVR8.o
 .debug_info    0x00000000000014ce      0x4e2 ../LUFA-110528/LUFA/Drivers/USB/Core/AVR8/USBInterrupt_AVR8.o
 .debug_info    0x00000000000019b0      0x34e ../LUFA-110528/LUFA/Drivers/USB/Core/ConfigDescriptor.o
 .debug_info    0x0000000000001cfe      0xa67 ../LUFA-110528/LUFA/Drivers/USB/Core/DeviceStandardReq.o
 .debug_info    0x0000000000002765       0x79 ../LUFA-110528/LUFA/Drivers/USB/Core/Events.o
 .debug_info    0x00000000000027de     0x157b ../LUFA-110528/LUFA/Drivers/USB/Core/EndpointStream.o
 .debug_info    0x0000000000003d59        0x0 ../LUFA-110528/LUFA/Drivers/USB/Core/HostStandardReq.o
 .debug_info    0x0000000000003d59        0x0 ../LUFA-110528/LUFA/Drivers/USB/Core/PipeStream.o
 .debug_info    0x0000000000003d59      0x23b ../LUFA-110528/LUFA/Drivers/USB/Core/USBTask.o
 .debug_info    0x0000000000003f94      0x6f5 ../LUFA-110528/LUFA/Drivers/USB/Class/Common/HIDParser.o
 .debug_info    0x0000000000004689      0x3ca ../LUFA-110528/LUFA/Drivers/USB/Class/Device/Audio.o
 .debug_info    0x0000000000004a53      0xbcb ../LUFA-110528/LUFA/Drivers/USB/Class/Device/CDC.o
 .debug_info    0x000000000000561e      0x679 ../LUFA-110528/LUFA/Drivers/USB/Class/Device/HID.o
 .debug_info    0x0000000000005c97      0x8d5 ../LUFA-110528/LUFA/Drivers/USB/Class/Device/MassStorage.o
 .debug_info    0x000000000000656c      0x5c4 ../LUFA-110528/LUFA/Drivers/USB/Class/Device/MIDI.o
 .debug_info    0x0000000000006b30      0xfb4 ../LUFA-110528/LUFA/Drivers/USB/Class/Device/RNDIS.o
 .debug_info    0x0000000000007ae4        0x0 ../LUFA-110528/LUFA/Drivers/USB/Class/Host/CDC.o
 .debug_info    0x0000000000007ae4        0x0 ../LUFA-110528/LUFA/Drivers/USB/Class/Host/HID.o
 .debug_info    0x0000000000007ae4        0x0 ../LUFA-110528/LUFA/Drivers/USB/Class/Host/MassStorage.o
 .debug_info    0x0000000000007ae4        0x0 ../LUFA-110528/LUFA/Drivers/USB/Class/Host/MIDI.o
 .debug_info    0x0000000000007ae4        0x0 ../LUFA-110528/LUFA/Drivers/USB/Class/Host/Printer.o
 .debug_info    0x0000000000007ae4        0x0 ../LUFA-110528/LUFA/Drivers/USB/Class/Host/RNDIS.o
 .debug_info    0x0000000000007ae4        0x0 ../LUFA-110528/LUFA/Drivers/USB/Class/Host/StillImage.o
 *(.gnu.linkonce.wi.*)

.debug_abbrev   0x0000000000000000     0x1f80
 *(.debug_abbrev)
 .debug_abbrev  0x0000000000000000      0x1df Joystick.o
 .debug_abbrev  0x00000000000001df      0x16c Descriptors.o
 .debug_abbrev  0x000000000000034b       0x79 ../LUFA-110528/LUFA/Drivers/USB/Core/AVR8/Device_AVR8.o
 .debug_abbrev  0x00000000000003c4      0x19a ../LUFA-110528/LUFA/Drivers/USB/Core/AVR8/Endpoint_AVR8.o
 .debug_abbrev  0x000000000000055e        0x1 ../LUFA-110528/LUFA/Drivers/USB/Core/AVR8/Host_AVR8.o
 .debug_abbrev  0x000000000000055f        0x1 ../LUFA-110528/LUFA/Drivers/USB/Core/AVR8/Pipe_AVR8.o
 .debug_abbrev  0x0000000000000560      0x1aa ../LUFA-110528/LUFA/Drivers/USB/Core/AVR8/USBController_AVR8.o
 .debug_abbrev  0x000000000000070a      0x176 ../LUFA-110528/LUFA/Drivers/USB/Core/AVR8/USBInterrupt_AVR8.o
 .debug_abbrev  0x0000000000000880      0x15c ../LUFA-110528/LUFA/Drivers/USB/Core/ConfigDescriptor.o
 .debug_abbrev  0x00000000000009dc      0x283 ../LUFA-110528/LUFA/Drivers/USB/Core/DeviceStandardReq.o
 .debug_abbrev  0x0000000000000c5f       0x4a ../LUFA-110528/LUFA/Drivers/USB/Core/Events.o
 .debug_abbrev  0x0000000000000ca9      0x1aa ../LUFA-110528/LUFA/Drivers/USB/Core/EndpointStream.o
 .debug_abbrev  0x0000000000000e53        0x1 ../LUFA-110528/LUFA/Drivers/USB/Core/HostStandardReq.o
 .debug_abbrev  0x0000000000000e54        0x1 ../LUFA-110528/LUFA/Drivers/USB/Core/PipeStream.o
 .debug_abbrev  0x0000000000000e55      0x15d ../LUFA-110528/LUFA/Drivers/USB/Core/USBTask.o
 .debug_abbrev  0x0000000000000fb2      0x1e7 ../LUFA-110528/LUFA/Drivers/USB/Class/Common/HIDParser.o
 .debug_abbrev  0x0000000000001199      0x1ab ../LUFA-110528/LUFA/Drivers/USB/Class/Device/Audio.o
 .debug_abbrev  0x0000000000001344      0x2f5 ../LUFA-110528/LUFA/Drivers/USB/Class/Device/CDC.o
 .debug_abbrev  0x0000000000001639      0x20d ../LUFA-110528/LUFA/Drivers/USB/Class/Device/HID.o
 .debug_abbrev  0x0000000000001846      0x244 ../LUFA-110528/LUFA/Drivers/USB/Class/Device/MassStorage.o
 .debug_abbrev  0x0000000000001a8a      0x216 ../LUFA-110528/LUFA/Drivers/USB/Class/Device/MIDI.o
 .debug_abbrev  0x0000000000001ca0      0x2d9 ../LUFA-110528/LUFA/Drivers/USB/Class/Device/RNDIS.o
 .debug_abbrev  0x0000000000001f79        0x1 ../LUFA-110528/LUFA/Drivers/USB/Class/Host/CDC.o
 .debug_abbrev  0x0000000000001f7a        0x1 ../LUFA-110528/LUFA/Drivers/USB/Class/Host/HID.o
 .debug_abbrev  0x0000000000001f7b        0x1 ../LUFA-110528/LUFA/Drivers/USB/Class/Host/MassStorage.o
 .debug_abbrev  0x0000000000001f7c        0x1 ../LUFA-110528/LUFA/Drivers/USB/Class/Host/MIDI.o
 .debug_abbrev  0x0000000000001f7d        0x1 ../LUFA-110528/LUFA/Drivers/USB/Class/Host/Printer.o
 .debug_abbrev  0x0000000000001f7e        0x1 ../LUFA-110528/LUFA/Drivers/USB/Class/Host/RNDIS.o
 .debug_abbrev  0x0000000000001f7f        0x1 ../LUFA-110528/LUFA/Drivers/USB/Class/Host/StillImage.o

.debug_line     0x0000000000000000     0x5fcc
 *(.debug_line)
 .debug_line    0x0000000000000000      0x3f1 Joystick.o
 .debug_line    0x00000000000003f1      0x1d0 Descriptors.o
 .debug_line    0x00000000000005c1      0x139 ../LUFA-110528/LUFA/Drivers/USB/Core/AVR8/Device_AVR8.o
 .debug_line    0x00000000000006fa      0x4b6 ../LUFA-110528/LUFA/Drivers/USB/Core/AVR8/Endpoint_AVR8.o
 .debug_line    0x0000000000000bb0       0x24 ../LUFA-110528/LUFA/Drivers/USB/Core/AVR8/Host_AVR8.o
 .debug_line    0x0000000000000bd4       0x24 ../LUFA-110528/LUFA/Drivers/USB/Core/AVR8/Pipe_AVR8.o
 .debug_line    0x0000000000000bf8      0x33c ../LUFA-110528/LUFA/Drivers/USB/Core/AVR8/USBController_AVR8.o
 .debug_line    0x0000000000000f34      0x4a9 ../LUFA-110528/LUFA/Drivers/USB/Core/AVR8/USBInterrupt_AVR8.o
 .debug_line    0x00000000000013dd      0x24f ../LUFA-110528/LUFA/Drivers/USB/Core/ConfigDescriptor.o
 .debug_line    0x000000000000162c      0x6a2 ../LUFA-110528/LUFA/Drivers/USB/Core/DeviceStandardReq.o
 .debug_line    0x0000000000001cce       0x89 ../LUFA-110528/LUFA/Drivers/USB/Core/Events.o
 .debug_line    0x0000000000001d57     0x1788 ../LUFA-110528/LUFA/Drivers/USB/Core/EndpointStream.o
 .debug_line    0x00000000000034df       0x24 ../LUFA-110528/LUFA/Drivers/USB/Core/HostStandardReq.o
 .debug_line    0x0000000000003503       0x24 ../LUFA-110528/LUFA/Drivers/USB/Core/PipeStream.o
 .debug_line    0x0000000000003527      0x1c5 ../LUFA-110528/LUFA/Drivers/USB/Core/USBTask.o
 .debug_line    0x00000000000036ec      0x5aa ../LUFA-110528/LUFA/Drivers/USB/Class/Common/HIDParser.o
 .debug_line    0x0000000000003c96      0x2c9 ../LUFA-110528/LUFA/Drivers/USB/Class/Device/Audio.o
 .debug_line    0x0000000000003f5f      0x845 ../LUFA-110528/LUFA/Drivers/USB/Class/Device/CDC.o
 .debug_line    0x00000000000047a4      0x56f ../LUFA-110528/LUFA/Drivers/USB/Class/Device/HID.o
 .debug_line    0x0000000000004d13      0x5f3 ../LUFA-110528/LUFA/Drivers/USB/Class/Device/MassStorage.o
 .debug_line    0x0000000000005306      0x44f ../LUFA-110528/LUFA/Drivers/USB/Class/Device/MIDI.o
 .debug_line    0x0000000000005755      0x77b ../LUFA-110528/LUFA/Drivers/USB/Class/Device/RNDIS.o
 .debug_line    0x0000000000005ed0       0x24 ../LUFA-110528/LUFA/Drivers/USB/Class/Host/CDC.o
 .debug_line    0x0000000000005ef4       0x24 ../LUFA-110528/LUFA/Drivers/USB/Class/Host/HID.o
 .debug_line    0x0000000000005f18       0x24 ../LUFA-110528/LUFA/Drivers/USB/Class/Host/MassStorage.o
 .debug_line    0x0000000000005f3c       0x24 ../LUFA-110528/LUFA/Drivers/USB/Class/Host/MIDI.o
 .debug_line    0x0000000000005f60       0x24 ../LUFA-110528/LUFA/Drivers/USB/Class/Host/Printer.o
 .debug_line    0x0000000000005f84       0x24 ../LUFA-110528/LUFA/Drivers/USB/Class/Host/RNDIS.o
 .debug_line    0x0000000000005fa8       0x24 ../LUFA-110528/LUFA/Drivers/USB/Class/Host/StillImage.o

.debug_frame    0x0000000000000000      0x6c0
 *(.debug_frame)
 .debug_frame   0x0000000000000000       0xb0 Joystick.o
 .debug_frame   0x00000000000000b0       0x20 Descriptors.o
 .debug_frame   0x00000000000000d0       0x20 ../LUFA-110528/LUFA/Drivers/USB/Core/AVR8/Device_AVR8.o
 .debug_frame   0x00000000000000f0       0x50 ../LUFA-110528/LUFA/Drivers/USB/Core/AVR8/Endpoint_AVR8.o
 .debug_frame   0x0000000000000140       0x40 ../LUFA-110528/LUFA/Drivers/USB/Core/AVR8/USBController_AVR8.o
 .debug_frame   0x0000000000000180       0x40 ../LUFA-110528/LUFA/Drivers/USB/Core/AVR8/USBInterrupt_AVR8.o
 .debug_frame   0x00000000000001c0       0x50 ../LUFA-110528/LUFA/Drivers/USB/Core/ConfigDescriptor.o
 .debug_frame   0x0000000000000210       0x20 ../LUFA-110528/LUFA/Drivers/USB/Core/DeviceStandardReq.o
 .debug_frame   0x0000000000000230       0x20 ../LUFA-110528/LUFA/Drivers/USB/Core/Events.o
 .debug_frame   0x0000000000000250      0x170 ../LUFA-110528/LUFA/Drivers/USB/Core/EndpointStream.o
 .debug_frame   0x00000000000003c0       0x20 ../LUFA-110528/LUFA/Drivers/USB/Core/USBTask.o
 .debug_frame   0x00000000000003e0       0x50 ../LUFA-110528/LUFA/Drivers/USB/Class/Common/HIDParser.o
 .debug_frame   0x0000000000000430       0x30 ../LUFA-110528/LUFA/Drivers/USB/Class/Device/Audio.o
 .debug_frame   0x0000000000000460      0x110 ../LUFA-110528/LUFA/Drivers/USB/Class/Device/CDC.o
 .debug_frame   0x0000000000000570       0x40 ../LUFA-110528/LUFA/Drivers/USB/Class/Device/HID.o
 .debug_frame   0x00000000000005b0       0x40 ../LUFA-110528/LUFA/Drivers/USB/Class/Device/MassStorage.o
 .debug_frame   0x00000000000005f0       0x60 ../LUFA-110528/LUFA/Drivers/USB/Class/Device/MIDI.o
 .debug_frame   0x0000000000000650       0x70 ../LUFA-110528/LUFA/Drivers/USB/Class/Device/RNDIS.o

.debug_str      0x0000000000000000     0x308b
 *(.debug_str)
 .debug_str     0x0000000000000000      0x3c7 Joystick.o
                                        0x42c (size before relaxing)
 .debug_str     0x00000000000003c7      0x4b1 Descriptors.o
                                        0x600 (size before relaxing)
 .debug_str     0x0000000000000878       0x80 ../LUFA-110528/LUFA/Drivers/USB/Core/AVR8/Device_AVR8.o
                                        0x121 (size before relaxing)
 .debug_str     0x00000000000008f8      0x3ca ../LUFA-110528/LUFA/Drivers/USB/Core/AVR8/Endpoint_AVR8.o
                                        0x4b0 (size before relaxing)
 .debug_str     0x0000000000000cc2      0x1d9 ../LUFA-110528/LUFA/Drivers/USB/Core/AVR8/USBController_AVR8.o
                                        0x3fc (size before relaxing)
 .debug_str     0x0000000000000e9b       0xdf ../LUFA-110528/LUFA/Drivers/USB/Core/AVR8/USBInterrupt_AVR8.o
                                        0x37e (size before relaxing)
 .debug_str     0x0000000000000f7a      0x22f ../LUFA-110528/LUFA/Drivers/USB/Core/ConfigDescriptor.o
                                        0x2ee (size before relaxing)
 .debug_str     0x00000000000011a9      0x439 ../LUFA-110528/LUFA/Drivers/USB/Core/DeviceStandardReq.o
                                        0x80b (size before relaxing)
 .debug_str     0x00000000000015e2       0x3d ../LUFA-110528/LUFA/Drivers/USB/Core/Events.o
                                         0xd8 (size before relaxing)
 .debug_str     0x000000000000161f      0x4b8 ../LUFA-110528/LUFA/Drivers/USB/Core/EndpointStream.o
                                        0x745 (size before relaxing)
 .debug_str     0x0000000000001ad7       0x73 ../LUFA-110528/LUFA/Drivers/USB/Core/USBTask.o
                                        0x278 (size before relaxing)
 .debug_str     0x0000000000001b4a      0x484 ../LUFA-110528/LUFA/Drivers/USB/Class/Common/HIDParser.o
                                        0x5c6 (size before relaxing)
 .debug_str     0x0000000000001fce      0x130 ../LUFA-110528/LUFA/Drivers/USB/Class/Device/Audio.o
                                        0x3c8 (size before relaxing)
 .debug_str     0x00000000000020fe      0x41c ../LUFA-110528/LUFA/Drivers/USB/Class/Device/CDC.o
                                        0x97f (size before relaxing)
 .debug_str     0x000000000000251a      0x149 ../LUFA-110528/LUFA/Drivers/USB/Class/Device/HID.o
                                        0x581 (size before relaxing)
 .debug_str     0x0000000000002663      0x229 ../LUFA-110528/LUFA/Drivers/USB/Class/Device/MassStorage.o
                                        0x745 (size before relaxing)
 .debug_str     0x000000000000288c      0x119 ../LUFA-110528/LUFA/Drivers/USB/Class/Device/MIDI.o
                                        0x5e4 (size before relaxing)
 .debug_str     0x00000000000029a5      0x6e6 ../LUFA-110528/LUFA/Drivers/USB/Class/Device/RNDIS.o
                                        0xcdb (size before relaxing)

.debug_loc      0x0000000000000000     0x3457
 *(.debug_loc)
 .debug_loc     0x0000000000000000       0xe1 Joystick.o
 .debug_loc     0x00000000000000e1      0x1a0 Descriptors.o
 .debug_loc     0x0000000000000281       0x7f ../LUFA-110528/LUFA/Drivers/USB/Core/AVR8/Endpoint_AVR8.o
 .debug_loc     0x0000000000000300       0x13 ../LUFA-110528/LUFA/Drivers/USB/Core/AVR8/USBController_AVR8.o
 .debug_loc     0x0000000000000313      0x2c7 ../LUFA-110528/LUFA/Drivers/USB/Core/ConfigDescriptor.o
 .debug_loc     0x00000000000005da      0x224 ../LUFA-110528/LUFA/Drivers/USB/Core/DeviceStandardReq.o
 .debug_loc     0x00000000000007fe     0x182a ../LUFA-110528/LUFA/Drivers/USB/Core/EndpointStream.o
 .debug_loc     0x0000000000002028      0x450 ../LUFA-110528/LUFA/Drivers/USB/Class/Common/HIDParser.o
 .debug_loc     0x0000000000002478       0xd4 ../LUFA-110528/LUFA/Drivers/USB/Class/Device/Audio.o
 .debug_loc     0x000000000000254c      0x512 ../LUFA-110528/LUFA/Drivers/USB/Class/Device/CDC.o
 .debug_loc     0x0000000000002a5e      0x16c ../LUFA-110528/LUFA/Drivers/USB/Class/Device/HID.o
 .debug_loc     0x0000000000002bca      0x11a ../LUFA-110528/LUFA/Drivers/USB/Class/Device/MassStorage.o
 .debug_loc     0x0000000000002ce4      0x241 ../LUFA-110528/LUFA/Drivers/USB/Class/Device/MIDI.o
 .debug_loc     0x0000000000002f25      0x532 ../LUFA-110528/LUFA/Drivers/USB/Class/Device/RNDIS.o

.debug_macinfo
 *(.debug_macinfo)
OUTPUT(Joystick.elf elf32-avr)
LOAD linker stubs

.debug_ranges   0x0000000000000000      0x570
 .debug_ranges  0x0000000000000000       0x60 Joystick.o
 .debug_ranges  0x0000000000000060       0x18 Descriptors.o
 .debug_ranges  0x0000000000000078       0x18 ../LUFA-110528/LUFA/Drivers/USB/Core/AVR8/Device_AVR8.o
 .debug_ranges  0x0000000000000090       0x30 ../LUFA-110528/LUFA/Drivers/USB/Core/AVR8/Endpoint_AVR8.o
 .debug_ranges  0x00000000000000c0       0x28 ../LUFA-110528/LUFA/Drivers/USB/Core/AVR8/USBController_AVR8.o
 .debug_ranges  0x00000000000000e8       0x28 ../LUFA-110528/LUFA/Drivers/USB/Core/AVR8/USBInterrupt_AVR8.o
 .debug_ranges  0x0000000000000110       0x30 ../LUFA-110528/LUFA/Drivers/USB/Core/ConfigDescriptor.o
 .debug_ranges  0x0000000000000140       0x78 ../LUFA-110528/LUFA/Drivers/USB/Core/DeviceStandardReq.o
 .debug_ranges  0x00000000000001b8       0x18 ../LUFA-110528/LUFA/Drivers/USB/Core/Events.o
 .debug_ranges  0x00000000000001d0       0xc0 ../LUFA-110528/LUFA/Drivers/USB/Core/EndpointStream.o
 .debug_ranges  0x0000000000000290       0x30 ../LUFA-110528/LUFA/Drivers/USB/Core/USBTask.o
 .debug_ranges  0x00000000000002c0       0xa0 ../LUFA-110528/LUFA/Drivers/USB/Class/Common/HIDParser.o
 .debug_ranges  0x0000000000000360       0x20 ../LUFA-110528/LUFA/Drivers/USB/Class/Device/Audio.o
 .debug_ranges  0x0000000000000380       0x90 ../LUFA-110528/LUFA/Drivers/USB/Class/Device/CDC.o
 .debug_ranges  0x0000000000000410       0x28 ../LUFA-110528/LUFA/Drivers/USB/Class/Device/HID.o
 .debug_ranges  0x0000000000000438       0x78 ../LUFA-110528/LUFA/Drivers/USB/Class/Device/MassStorage.o
 .debug_ranges  0x00000000000004b0       0x38 ../LUFA-110528/LUFA/Drivers/USB/Class/Device/MIDI.o
 .debug_ranges  0x00000000000004e8       0x88 ../LUFA-110528/LUFA/Drivers/USB/Class/Device/RNDIS.o

Cross Reference Table

Symbol                                            File
Audio_Device_ConfigureEndpoints                   ../LUFA-110528/LUFA/Drivers/USB/Class/Device/Audio.o
Audio_Device_ProcessControlRequest                ../LUFA-110528/LUFA/Drivers/USB/Class/Device/Audio.o
CALLBACK_HIDParser_FilterHIDReportItem            ../LUFA-110528/LUFA/Drivers/USB/Class/Common/HIDParser.o
CALLBACK_HID_Device_CreateHIDReport               Joystick.o
                                                  ../LUFA-110528/LUFA/Drivers/USB/Class/Device/HID.o
CALLBACK_HID_Device_ProcessHIDReport              Joystick.o
                                                  ../LUFA-110528/LUFA/Drivers/USB/Class/Device/HID.o
CALLBACK_MS_Device_SCSICommandReceived            ../LUFA-110528/LUFA/Drivers/USB/Class/Device/MassStorage.o
CALLBACK_USB_GetDescriptor                        Descriptors.o
                                                  ../LUFA-110528/LUFA/Drivers/USB/Core/DeviceStandardReq.o
CDC_Device_BytesReceived                          ../LUFA-110528/LUFA/Drivers/USB/Class/Device/CDC.o
CDC_Device_ConfigureEndpoints                     ../LUFA-110528/LUFA/Drivers/USB/Class/Device/CDC.o
CDC_Device_CreateBlockingStream                   ../LUFA-110528/LUFA/Drivers/USB/Class/Device/CDC.o
CDC_Device_CreateStream                           ../LUFA-110528/LUFA/Drivers/USB/Class/Device/CDC.o
CDC_Device_Event_Stub                             ../LUFA-110528/LUFA/Drivers/USB/Class/Device/CDC.o
CDC_Device_Flush                                  ../LUFA-110528/LUFA/Drivers/USB/Class/Device/CDC.o
CDC_Device_ProcessControlRequest                  ../LUFA-110528/LUFA/Drivers/USB/Class/Device/CDC.o
CDC_Device_ReceiveByte                            ../LUFA-110528/LUFA/Drivers/USB/Class/Device/CDC.o
CDC_Device_SendByte                               ../LUFA-110528/LUFA/Drivers/USB/Class/Device/CDC.o
CDC_Device_SendControlLineStateChange             ../LUFA-110528/LUFA/Drivers/USB/Class/Device/CDC.o
CDC_Device_SendData                               ../LUFA-110528/LUFA/Drivers/USB/Class/Device/CDC.o
CDC_Device_SendString                             ../LUFA-110528/LUFA/Drivers/USB/Class/Device/CDC.o
CDC_Device_USBTask                                ../LUFA-110528/LUFA/Drivers/USB/Class/Device/CDC.o
ConfigurationDescriptor                           Descriptors.o
DeviceDescriptor                                  Descriptors.o
EVENT_CDC_Device_BreakSent                        ../LUFA-110528/LUFA/Drivers/USB/Class/Device/CDC.o
EVENT_CDC_Device_ControLineStateChanged           ../LUFA-110528/LUFA/Drivers/USB/Class/Device/CDC.o
EVENT_CDC_Device_LineEncodingChanged              ../LUFA-110528/LUFA/Drivers/USB/Class/Device/CDC.o
EVENT_USB_Device_ConfigurationChanged             Joystick.o
                                                  ../LUFA-110528/LUFA/Drivers/USB/Core/DeviceStandardReq.o
EVENT_USB_Device_Connect                          Joystick.o
                                                  ../LUFA-110528/LUFA/Drivers/USB/Core/AVR8/USBInterrupt_AVR8.o
EVENT_USB_Device_ControlRequest                   Joystick.o
                                                  ../LUFA-110528/LUFA/Drivers/USB/Core/DeviceStandardReq.o
EVENT_USB_Device_Disconnect                       Joystick.o
                                                  ../LUFA-110528/LUFA/Drivers/USB/Core/AVR8/USBInterrupt_AVR8.o
EVENT_USB_Device_Reset                            ../LUFA-110528/LUFA/Drivers/USB/Core/Events.o
                                                  ../LUFA-110528/LUFA/Drivers/USB/Core/AVR8/USBInterrupt_AVR8.o
EVENT_USB_Device_StartOfFrame                     Joystick.o
                                                  ../LUFA-110528/LUFA/Drivers/USB/Core/AVR8/USBInterrupt_AVR8.o
EVENT_USB_Device_Suspend                          ../LUFA-110528/LUFA/Drivers/USB/Core/Events.o
EVENT_USB_Device_WakeUp                           ../LUFA-110528/LUFA/Drivers/USB/Core/Events.o
Endpoint_ClearEndpoints                           ../LUFA-110528/LUFA/Drivers/USB/Core/AVR8/Endpoint_AVR8.o
Endpoint_ClearStatusStage                         ../LUFA-110528/LUFA/Drivers/USB/Core/AVR8/Endpoint_AVR8.o
                                                  ../LUFA-110528/LUFA/Drivers/USB/Class/Device/MassStorage.o
                                                  ../LUFA-110528/LUFA/Drivers/USB/Class/Device/HID.o
                                                  ../LUFA-110528/LUFA/Drivers/USB/Class/Device/CDC.o
                                                  ../LUFA-110528/LUFA/Drivers/USB/Class/Device/Audio.o
                                                  ../LUFA-110528/LUFA/Drivers/USB/Core/DeviceStandardReq.o
Endpoint_ConfigureEndpoint_Prv                    ../LUFA-110528/LUFA/Drivers/USB/Core/AVR8/Endpoint_AVR8.o
                                                  ../LUFA-110528/LUFA/Drivers/USB/Class/Device/RNDIS.o
                                                  ../LUFA-110528/LUFA/Drivers/USB/Class/Device/MIDI.o
                                                  ../LUFA-110528/LUFA/Drivers/USB/Class/Device/MassStorage.o
                                                  ../LUFA-110528/LUFA/Drivers/USB/Class/Device/HID.o
                                                  ../LUFA-110528/LUFA/Drivers/USB/Class/Device/CDC.o
                                                  ../LUFA-110528/LUFA/Drivers/USB/Class/Device/Audio.o
                                                  ../LUFA-110528/LUFA/Drivers/USB/Core/AVR8/USBInterrupt_AVR8.o
                                                  ../LUFA-110528/LUFA/Drivers/USB/Core/AVR8/USBController_AVR8.o
Endpoint_Discard_Stream                           ../LUFA-110528/LUFA/Drivers/USB/Core/EndpointStream.o
Endpoint_Null_Stream                              ../LUFA-110528/LUFA/Drivers/USB/Core/EndpointStream.o
Endpoint_Read_Control_EStream_BE                  ../LUFA-110528/LUFA/Drivers/USB/Core/EndpointStream.o
Endpoint_Read_Control_EStream_LE                  ../LUFA-110528/LUFA/Drivers/USB/Core/EndpointStream.o
Endpoint_Read_Control_Stream_BE                   ../LUFA-110528/LUFA/Drivers/USB/Core/EndpointStream.o
Endpoint_Read_Control_Stream_LE                   ../LUFA-110528/LUFA/Drivers/USB/Core/EndpointStream.o
                                                  ../LUFA-110528/LUFA/Drivers/USB/Class/Device/RNDIS.o
                                                  ../LUFA-110528/LUFA/Drivers/USB/Class/Device/HID.o
                                                  ../LUFA-110528/LUFA/Drivers/USB/Class/Device/CDC.o
Endpoint_Read_EStream_BE                          ../LUFA-110528/LUFA/Drivers/USB/Core/EndpointStream.o
Endpoint_Read_EStream_LE                          ../LUFA-110528/LUFA/Drivers/USB/Core/EndpointStream.o
Endpoint_Read_Stream_BE                           ../LUFA-110528/LUFA/Drivers/USB/Core/EndpointStream.o
Endpoint_Read_Stream_LE                           ../LUFA-110528/LUFA/Drivers/USB/Core/EndpointStream.o
                                                  ../LUFA-110528/LUFA/Drivers/USB/Class/Device/RNDIS.o
                                                  ../LUFA-110528/LUFA/Drivers/USB/Class/Device/MIDI.o
                                                  ../LUFA-110528/LUFA/Drivers/USB/Class/Device/MassStorage.o
Endpoint_WaitUntilReady                           ../LUFA-110528/LUFA/Drivers/USB/Core/AVR8/Endpoint_AVR8.o
                                                  ../LUFA-110528/LUFA/Drivers/USB/Class/Device/RNDIS.o
                                                  ../LUFA-110528/LUFA/Drivers/USB/Class/Device/MIDI.o
                                                  ../LUFA-110528/LUFA/Drivers/USB/Class/Device/CDC.o
                                                  ../LUFA-110528/LUFA/Drivers/USB/Core/EndpointStream.o
Endpoint_Write_Control_EStream_BE                 ../LUFA-110528/LUFA/Drivers/USB/Core/EndpointStream.o
Endpoint_Write_Control_EStream_LE                 ../LUFA-110528/LUFA/Drivers/USB/Core/EndpointStream.o
Endpoint_Write_Control_PStream_BE                 ../LUFA-110528/LUFA/Drivers/USB/Core/EndpointStream.o
Endpoint_Write_Control_PStream_LE                 ../LUFA-110528/LUFA/Drivers/USB/Core/EndpointStream.o
                                                  ../LUFA-110528/LUFA/Drivers/USB/Core/DeviceStandardReq.o
Endpoint_Write_Control_Stream_BE                  ../LUFA-110528/LUFA/Drivers/USB/Core/EndpointStream.o
Endpoint_Write_Control_Stream_LE                  ../LUFA-110528/LUFA/Drivers/USB/Core/EndpointStream.o
                                                  ../LUFA-110528/LUFA/Drivers/USB/Class/Device/RNDIS.o
                                                  ../LUFA-110528/LUFA/Drivers/USB/Class/Device/HID.o
                                                  ../LUFA-110528/LUFA/Drivers/USB/Class/Device/CDC.o
                                                  ../LUFA-110528/LUFA/Drivers/USB/Core/DeviceStandardReq.o
Endpoint_Write_EStream_BE                         ../LUFA-110528/LUFA/Drivers/USB/Core/EndpointStream.o
Endpoint_Write_EStream_LE                         ../LUFA-110528/LUFA/Drivers/USB/Core/EndpointStream.o
Endpoint_Write_PStream_BE                         ../LUFA-110528/LUFA/Drivers/USB/Core/EndpointStream.o
Endpoint_Write_PStream_LE                         ../LUFA-110528/LUFA/Drivers/USB/Core/EndpointStream.o
Endpoint_Write_Stream_BE                          ../LUFA-110528/LUFA/Drivers/USB/Core/EndpointStream.o
Endpoint_Write_Stream_LE                          ../LUFA-110528/LUFA/Drivers/USB/Core/EndpointStream.o
                                                  ../LUFA-110528/LUFA/Drivers/USB/Class/Device/RNDIS.o
                                                  ../LUFA-110528/LUFA/Drivers/USB/Class/Device/MIDI.o
                                                  ../LUFA-110528/LUFA/Drivers/USB/Class/Device/MassStorage.o
                                                  ../LUFA-110528/LUFA/Drivers/USB/Class/Device/HID.o
                                                  ../LUFA-110528/LUFA/Drivers/USB/Class/Device/CDC.o
HID_Device_ConfigureEndpoints                     ../LUFA-110528/LUFA/Drivers/USB/Class/Device/HID.o
                                                  Joystick.o
HID_Device_ProcessControlRequest                  ../LUFA-110528/LUFA/Drivers/USB/Class/Device/HID.o
                                                  Joystick.o
HID_Device_USBTask                                ../LUFA-110528/LUFA/Drivers/USB/Class/Device/HID.o
                                                  Joystick.o
JoystickReport                                    Descriptors.o
Joystick_HID_Interface                            Joystick.o
LanguageString                                    Descriptors.o
MIDI_Device_ConfigureEndpoints                    ../LUFA-110528/LUFA/Drivers/USB/Class/Device/MIDI.o
MIDI_Device_Flush                                 ../LUFA-110528/LUFA/Drivers/USB/Class/Device/MIDI.o
MIDI_Device_ReceiveEventPacket                    ../LUFA-110528/LUFA/Drivers/USB/Class/Device/MIDI.o
MIDI_Device_SendEventPacket                       ../LUFA-110528/LUFA/Drivers/USB/Class/Device/MIDI.o
MIDI_Device_USBTask                               ../LUFA-110528/LUFA/Drivers/USB/Class/Device/MIDI.o
MS_Device_ConfigureEndpoints                      ../LUFA-110528/LUFA/Drivers/USB/Class/Device/MassStorage.o
MS_Device_ProcessControlRequest                   ../LUFA-110528/LUFA/Drivers/USB/Class/Device/MassStorage.o
MS_Device_USBTask                                 ../LUFA-110528/LUFA/Drivers/USB/Class/Device/MassStorage.o
ManufacturerString                                Descriptors.o
ProductString                                     Descriptors.o
RNDIS_Device_ConfigureEndpoints                   ../LUFA-110528/LUFA/Drivers/USB/Class/Device/RNDIS.o
RNDIS_Device_IsPacketReceived                     ../LUFA-110528/LUFA/Drivers/USB/Class/Device/RNDIS.o
RNDIS_Device_ProcessControlRequest                ../LUFA-110528/LUFA/Drivers/USB/Class/Device/RNDIS.o
RNDIS_Device_ReadPacket                           ../LUFA-110528/LUFA/Drivers/USB/Class/Device/RNDIS.o
RNDIS_Device_SendPacket                           ../LUFA-110528/LUFA/Drivers/USB/Class/Device/RNDIS.o
RNDIS_Device_USBTask                              ../LUFA-110528/LUFA/Drivers/USB/Class/Device/RNDIS.o
SetupHardware                                     Joystick.o
USB_ConfigurationNumber                           ../LUFA-110528/LUFA/Drivers/USB/Core/DeviceStandardReq.o
                                                  ../LUFA-110528/LUFA/Drivers/USB/Core/AVR8/USBInterrupt_AVR8.o
                                                  ../LUFA-110528/LUFA/Drivers/USB/Core/AVR8/USBController_AVR8.o
USB_ControlRequest                                ../LUFA-110528/LUFA/Drivers/USB/Class/Device/RNDIS.o
                                                  ../LUFA-110528/LUFA/Drivers/USB/Class/Device/MassStorage.o
                                                  ../LUFA-110528/LUFA/Drivers/USB/Class/Device/HID.o
                                                  ../LUFA-110528/LUFA/Drivers/USB/Class/Device/CDC.o
                                                  ../LUFA-110528/LUFA/Drivers/USB/Class/Device/Audio.o
                                                  ../LUFA-110528/LUFA/Drivers/USB/Core/USBTask.o
                                                  ../LUFA-110528/LUFA/Drivers/USB/Core/EndpointStream.o
                                                  ../LUFA-110528/LUFA/Drivers/USB/Core/DeviceStandardReq.o
                                                  ../LUFA-110528/LUFA/Drivers/USB/Core/AVR8/Endpoint_AVR8.o
USB_CurrentlySelfPowered                          ../LUFA-110528/LUFA/Drivers/USB/Core/DeviceStandardReq.o
                                                  ../LUFA-110528/LUFA/Drivers/USB/Core/AVR8/USBController_AVR8.o
USB_DeviceState                                   ../LUFA-110528/LUFA/Drivers/USB/Class/Device/RNDIS.o
                                                  ../LUFA-110528/LUFA/Drivers/USB/Class/Device/MIDI.o
                                                  ../LUFA-110528/LUFA/Drivers/USB/Class/Device/MassStorage.o
                                                  ../LUFA-110528/LUFA/Drivers/USB/Class/Device/HID.o
                                                  ../LUFA-110528/LUFA/Drivers/USB/Class/Device/CDC.o
                                                  ../LUFA-110528/LUFA/Drivers/USB/Core/USBTask.o
                                                  ../LUFA-110528/LUFA/Drivers/USB/Core/EndpointStream.o
                                                  ../LUFA-110528/LUFA/Drivers/USB/Core/DeviceStandardReq.o
                                                  ../LUFA-110528/LUFA/Drivers/USB/Core/AVR8/USBInterrupt_AVR8.o
                                                  ../LUFA-110528/LUFA/Drivers/USB/Core/AVR8/USBController_AVR8.o
                                                  ../LUFA-110528/LUFA/Drivers/USB/Core/AVR8/Endpoint_AVR8.o
USB_Device_ProcessControlRequest                  ../LUFA-110528/LUFA/Drivers/USB/Core/DeviceStandardReq.o
                                                  ../LUFA-110528/LUFA/Drivers/USB/Core/USBTask.o
USB_Device_SendRemoteWakeup                       ../LUFA-110528/LUFA/Drivers/USB/Core/AVR8/Device_AVR8.o
USB_Disable                                       ../LUFA-110528/LUFA/Drivers/USB/Core/AVR8/USBController_AVR8.o
USB_Event_Stub                                    ../LUFA-110528/LUFA/Drivers/USB/Core/Events.o
USB_GetHIDReportItemInfo                          ../LUFA-110528/LUFA/Drivers/USB/Class/Common/HIDParser.o
USB_GetHIDReportSize                              ../LUFA-110528/LUFA/Drivers/USB/Class/Common/HIDParser.o
USB_GetNextDescriptorComp                         ../LUFA-110528/LUFA/Drivers/USB/Core/ConfigDescriptor.o
USB_GetNextDescriptorOfType                       ../LUFA-110528/LUFA/Drivers/USB/Core/ConfigDescriptor.o
USB_GetNextDescriptorOfTypeAfter                  ../LUFA-110528/LUFA/Drivers/USB/Core/ConfigDescriptor.o
USB_GetNextDescriptorOfTypeBefore                 ../LUFA-110528/LUFA/Drivers/USB/Core/ConfigDescriptor.o
USB_INT_ClearAllInterrupts                        ../LUFA-110528/LUFA/Drivers/USB/Core/AVR8/USBInterrupt_AVR8.o
                                                  ../LUFA-110528/LUFA/Drivers/USB/Core/AVR8/USBController_AVR8.o
USB_INT_DisableAllInterrupts                      ../LUFA-110528/LUFA/Drivers/USB/Core/AVR8/USBInterrupt_AVR8.o
                                                  ../LUFA-110528/LUFA/Drivers/USB/Core/AVR8/USBController_AVR8.o
USB_Init                                          ../LUFA-110528/LUFA/Drivers/USB/Core/AVR8/USBController_AVR8.o
                                                  Joystick.o
USB_IsInitialized                                 ../LUFA-110528/LUFA/Drivers/USB/Core/USBTask.o
                                                  ../LUFA-110528/LUFA/Drivers/USB/Core/AVR8/USBController_AVR8.o
USB_ProcessHIDReport                              ../LUFA-110528/LUFA/Drivers/USB/Class/Common/HIDParser.o
USB_RemoteWakeupEnabled                           ../LUFA-110528/LUFA/Drivers/USB/Core/DeviceStandardReq.o
                                                  ../LUFA-110528/LUFA/Drivers/USB/Core/AVR8/USBController_AVR8.o
USB_ResetInterface                                ../LUFA-110528/LUFA/Drivers/USB/Core/AVR8/USBController_AVR8.o
USB_SetHIDReportItemInfo                          ../LUFA-110528/LUFA/Drivers/USB/Class/Common/HIDParser.o
USB_USBTask                                       ../LUFA-110528/LUFA/Drivers/USB/Core/USBTask.o
                                                  ../LUFA-110528/LUFA/Drivers/USB/Class/Device/MassStorage.o
                                                  ../LUFA-110528/LUFA/Drivers/USB/Class/Device/CDC.o
                                                  ../LUFA-110528/LUFA/Drivers/USB/Core/EndpointStream.o
                                                  Joystick.o
__bad_interrupt                                   /usr/lib/gcc/avr/4.3.5/../../../avr/lib/avr35/crtm32u2.o
__bss_end                                         /usr/lib/gcc/avr/4.3.5/avr35/libgcc.a(_clear_bss.o)
__bss_start                                       /usr/lib/gcc/avr/4.3.5/avr35/libgcc.a(_clear_bss.o)
__data_end                                        /usr/lib/gcc/avr/4.3.5/avr35/libgcc.a(_copy_data.o)
__data_load_start                                 /usr/lib/gcc/avr/4.3.5/avr35/libgcc.a(_copy_data.o)
__data_start                                      /usr/lib/gcc/avr/4.3.5/avr35/libgcc.a(_copy_data.o)
__do_clear_bss                                    /usr/lib/gcc/avr/4.3.5/avr35/libgcc.a(_clear_bss.o)
                                                  ../LUFA-110528/LUFA/Drivers/USB/Core/USBTask.o
                                                  ../LUFA-110528/LUFA/Drivers/USB/Core/DeviceStandardReq.o
                                                  Joystick.o
__do_copy_data                                    /usr/lib/gcc/avr/4.3.5/avr35/libgcc.a(_copy_data.o)
                                                  ../LUFA-110528/LUFA/Drivers/USB/Class/Device/RNDIS.o
                                                  ../LUFA-110528/LUFA/Drivers/USB/Class/Device/CDC.o
                                                  Joystick.o
__eerd_byte_m32u2                                 /usr/lib/gcc/avr/4.3.5/../../../avr/lib/avr35/libc.a(eerd_byte_atmega32u2.o)
                                                  ../LUFA-110528/LUFA/Drivers/USB/Core/EndpointStream.o
__eeupd_byte_m32u2                                /usr/lib/gcc/avr/4.3.5/../../../avr/lib/avr35/libc.a(eeupd_byte_atmega32u2.o)
                                                  ../LUFA-110528/LUFA/Drivers/USB/Core/EndpointStream.o
__eeupd_r18_m32u2                                 /usr/lib/gcc/avr/4.3.5/../../../avr/lib/avr35/libc.a(eeupd_byte_atmega32u2.o)
__heap_end                                        /usr/lib/gcc/avr/4.3.5/../../../avr/lib/avr35/crtm32u2.o
__init                                            /usr/lib/gcc/avr/4.3.5/../../../avr/lib/avr35/crtm32u2.o
__mulhi3                                          /usr/lib/gcc/avr/4.3.5/avr35/libgcc.a(_mulhi3.o)
                                                  ../LUFA-110528/LUFA/Drivers/USB/Class/Common/HIDParser.o
__stack                                           /usr/lib/gcc/avr/4.3.5/../../../avr/lib/avr35/crtm32u2.o
__vector_1                                        /usr/lib/gcc/avr/4.3.5/../../../avr/lib/avr35/crtm32u2.o
__vector_10                                       /usr/lib/gcc/avr/4.3.5/../../../avr/lib/avr35/crtm32u2.o
__vector_11                                       ../LUFA-110528/LUFA/Drivers/USB/Core/AVR8/USBInterrupt_AVR8.o
                                                  /usr/lib/gcc/avr/4.3.5/../../../avr/lib/avr35/crtm32u2.o
__vector_12                                       /usr/lib/gcc/avr/4.3.5/../../../avr/lib/avr35/crtm32u2.o
__vector_13                                       /usr/lib/gcc/avr/4.3.5/../../../avr/lib/avr35/crtm32u2.o
__vector_14                                       /usr/lib/gcc/avr/4.3.5/../../../avr/lib/avr35/crtm32u2.o
__vector_15                                       /usr/lib/gcc/avr/4.3.5/../../../avr/lib/avr35/crtm32u2.o
__vector_16                                       /usr/lib/gcc/avr/4.3.5/../../../avr/lib/avr35/crtm32u2.o
__vector_17                                       /usr/lib/gcc/avr/4.3.5/../../../avr/lib/avr35/crtm32u2.o
__vector_18                                       /usr/lib/gcc/avr/4.3.5/../../../avr/lib/avr35/crtm32u2.o
__vector_19                                       Joystick.o
                                                  /usr/lib/gcc/avr/4.3.5/../../../avr/lib/avr35/crtm32u2.o
__vector_2                                        /usr/lib/gcc/avr/4.3.5/../../../avr/lib/avr35/crtm32u2.o
__vector_20                                       /usr/lib/gcc/avr/4.3.5/../../../avr/lib/avr35/crtm32u2.o
__vector_21                                       /usr/lib/gcc/avr/4.3.5/../../../avr/lib/avr35/crtm32u2.o
__vector_22                                       /usr/lib/gcc/avr/4.3.5/../../../avr/lib/avr35/crtm32u2.o
__vector_23                                       /usr/lib/gcc/avr/4.3.5/../../../avr/lib/avr35/crtm32u2.o
__vector_24                                       /usr/lib/gcc/avr/4.3.5/../../../avr/lib/avr35/crtm32u2.o
__vector_25                                       /usr/lib/gcc/avr/4.3.5/../../../avr/lib/avr35/crtm32u2.o
__vector_26                                       /usr/lib/gcc/avr/4.3.5/../../../avr/lib/avr35/crtm32u2.o
__vector_27                                       /usr/lib/gcc/avr/4.3.5/../../../avr/lib/avr35/crtm32u2.o
__vector_28                                       /usr/lib/gcc/avr/4.3.5/../../../avr/lib/avr35/crtm32u2.o
__vector_29                                       /usr/lib/gcc/avr/4.3.5/../../../avr/lib/avr35/crtm32u2.o
__vector_3                                        /usr/lib/gcc/avr/4.3.5/../../../avr/lib/avr35/crtm32u2.o
__vector_30                                       /usr/lib/gcc/avr/4.3.5/../../../avr/lib/avr35/crtm32u2.o
__vector_31                                       /usr/lib/gcc/avr/4.3.5/../../../avr/lib/avr35/crtm32u2.o
__vector_32                                       /usr/lib/gcc/avr/4.3.5/../../../avr/lib/avr35/crtm32u2.o
__vector_33                                       /usr/lib/gcc/avr/4.3.5/../../../avr/lib/avr35/crtm32u2.o
__vector_34                                       /usr/lib/gcc/avr/4.3.5/../../../avr/lib/avr35/crtm32u2.o
__vector_35                                       /usr/lib/gcc/avr/4.3.5/../../../avr/lib/avr35/crtm32u2.o
__vector_36                                       /usr/lib/gcc/avr/4.3.5/../../../avr/lib/avr35/crtm32u2.o
__vector_37                                       /usr/lib/gcc/avr/4.3.5/../../../avr/lib/avr35/crtm32u2.o
__vector_4                                        /usr/lib/gcc/avr/4.3.5/../../../avr/lib/avr35/crtm32u2.o
__vector_5                                        /usr/lib/gcc/avr/4.3.5/../../../avr/lib/avr35/crtm32u2.o
__vector_6                                        /usr/lib/gcc/avr/4.3.5/../../../avr/lib/avr35/crtm32u2.o
__vector_7                                        /usr/lib/gcc/avr/4.3.5/../../../avr/lib/avr35/crtm32u2.o
__vector_8                                        /usr/lib/gcc/avr/4.3.5/../../../avr/lib/avr35/crtm32u2.o
__vector_9                                        /usr/lib/gcc/avr/4.3.5/../../../avr/lib/avr35/crtm32u2.o
__vector_default                                  /usr/lib/gcc/avr/4.3.5/../../../avr/lib/avr35/crtm32u2.o
__vectors                                         /usr/lib/gcc/avr/4.3.5/../../../avr/lib/avr35/crtm32u2.o
_exit                                             /usr/lib/gcc/avr/4.3.5/avr35/libgcc.a(_exit.o)
boutons                                           Joystick.o
exit                                              /usr/lib/gcc/avr/4.3.5/avr35/libgcc.a(_exit.o)
                                                  /usr/lib/gcc/avr/4.3.5/../../../avr/lib/avr35/crtm32u2.o
main                                              Joystick.o
                                                  /usr/lib/gcc/avr/4.3.5/../../../avr/lib/avr35/crtm32u2.o
memcmp                                            /usr/lib/gcc/avr/4.3.5/../../../avr/lib/avr35/libc.a(memcmp.o)
                                                  ../LUFA-110528/LUFA/Drivers/USB/Class/Device/HID.o
memcpy                                            /usr/lib/gcc/avr/4.3.5/../../../avr/lib/avr35/libc.a(memcpy.o)
                                                  ../LUFA-110528/LUFA/Drivers/USB/Class/Device/RNDIS.o
                                                  ../LUFA-110528/LUFA/Drivers/USB/Class/Device/HID.o
memcpy_P                                          /usr/lib/gcc/avr/4.3.5/../../../avr/lib/avr35/libc.a(memcpy_P.o)
                                                  ../LUFA-110528/LUFA/Drivers/USB/Class/Device/RNDIS.o
memset                                            /usr/lib/gcc/avr/4.3.5/../../../avr/lib/avr35/libc.a(memset.o)
                                                  ../LUFA-110528/LUFA/Drivers/USB/Class/Device/HID.o
